Component: ARM Compiler 5.06 update 6 (build 750) Tool: armlink [4d35ed]

==============================================================================

Section Cross References

    startup_stm32f407xx.o(RESET) refers to startup_stm32f407xx.o(STACK) for __initial_sp
    startup_stm32f407xx.o(RESET) refers to startup_stm32f407xx.o(.text) for Reset_Handler
    startup_stm32f407xx.o(RESET) refers to stm32f4xx_it.o(i.NMI_Handler) for NMI_Handler
    startup_stm32f407xx.o(RESET) refers to stm32f4xx_it.o(i.HardFault_Handler) for HardFault_Handler
    startup_stm32f407xx.o(RESET) refers to stm32f4xx_it.o(i.MemManage_Handler) for MemManage_Handler
    startup_stm32f407xx.o(RESET) refers to stm32f4xx_it.o(i.BusFault_Handler) for BusFault_Handler
    startup_stm32f407xx.o(RESET) refers to stm32f4xx_it.o(i.UsageFault_Handler) for UsageFault_Handler
    startup_stm32f407xx.o(RESET) refers to port.o(.emb_text) for SVC_Handler
    startup_stm32f407xx.o(RESET) refers to stm32f4xx_it.o(i.DebugMon_Handler) for DebugMon_Handler
    startup_stm32f407xx.o(RESET) refers to port.o(i.SysTick_Handler) for SysTick_Handler
    startup_stm32f407xx.o(RESET) refers to stm32f4xx_it.o(i.TIM2_IRQHandler) for TIM2_IRQHandler
    startup_stm32f407xx.o(.text) refers to system_stm32f4xx.o(i.SystemInit) for SystemInit
    startup_stm32f407xx.o(.text) refers to entry.o(.ARM.Collect$$$$00000000) for __main
    maintask.o(i.MainTask) refers to memmove.o(.text) for __aeabi_memcpy4
    maintask.o(i.MainTask) refers to gui_core.o(i.GUI_Init) for GUI_Init
    maintask.o(i.MainTask) refers to gui_common.o(i.GUI_SetBkColor) for GUI_SetBkColor
    maintask.o(i.MainTask) refers to gui_core.o(i.GUI_Clear) for GUI_Clear
    maintask.o(i.MainTask) refers to gui_qr.o(i.GUI_QR_Create) for GUI_QR_Create
    maintask.o(i.MainTask) refers to gui_qr.o(i.GUI_QR_Draw) for GUI_QR_Draw
    maintask.o(i.MainTask) refers to gui_qr.o(i.GUI_QR_Delete) for GUI_QR_Delete
    maintask.o(i.MainTask) refers to gui_time.o(i.GUI_Delay) for GUI_Delay
    gui_x_touch_analog.o(i.GUI_TOUCH_X_MeasureX) refers to touch.o(i.TP_Read_XOY) for TP_Read_XOY
    gui_x_touch_analog.o(i.GUI_TOUCH_X_MeasureX) refers to touch.o(.data) for CMD_RDX
    gui_x_touch_analog.o(i.GUI_TOUCH_X_MeasureY) refers to touch.o(i.TP_Read_XOY) for TP_Read_XOY
    gui_x_touch_analog.o(i.GUI_TOUCH_X_MeasureY) refers to touch.o(.data) for CMD_RDY
    guiconf.o(i.GUI_X_Config) refers to gui_alloc.o(i.GUI_ALLOC_AssignMemory) for GUI_ALLOC_AssignMemory
    guiconf.o(i.GUI_X_Config) refers to gui_alloc.o(i.GUI_ALLOC_SetAvBlockSize) for GUI_ALLOC_SetAvBlockSize
    guiconf.o(i.GUI_X_Config) refers to guiconf.o(.bss) for aMemory
    guidrv_template.o(i._DrawBitLine16BPP) refers to guidrv_template.o(i._SetPixelIndex) for _SetPixelIndex
    guidrv_template.o(i._DrawBitLine1BPP) refers to guidrv_template.o(i._SetPixelIndex) for _SetPixelIndex
    guidrv_template.o(i._DrawBitLine1BPP) refers to guidrv_template.o(i._GetPixelIndex) for _GetPixelIndex
    guidrv_template.o(i._DrawBitLine1BPP) refers to gui_core.o(.data) for GUI_pContext
    guidrv_template.o(i._DrawBitLine2BPP) refers to guidrv_template.o(i._SetPixelIndex) for _SetPixelIndex
    guidrv_template.o(i._DrawBitLine2BPP) refers to gui_core.o(.data) for GUI_pContext
    guidrv_template.o(i._DrawBitLine32BPP) refers to guidrv_template.o(i._SetPixelIndex) for _SetPixelIndex
    guidrv_template.o(i._DrawBitLine4BPP) refers to guidrv_template.o(i._SetPixelIndex) for _SetPixelIndex
    guidrv_template.o(i._DrawBitLine4BPP) refers to gui_core.o(.data) for GUI_pContext
    guidrv_template.o(i._DrawBitLine8BPP) refers to guidrv_template.o(i._SetPixelIndex) for _SetPixelIndex
    guidrv_template.o(i._DrawBitLine8BPP) refers to gui_core.o(.data) for GUI_pContext
    guidrv_template.o(i._DrawBitmap) refers to guidrv_template.o(i._DrawBitLine1BPP) for _DrawBitLine1BPP
    guidrv_template.o(i._DrawBitmap) refers to guidrv_template.o(i._DrawBitLine2BPP) for _DrawBitLine2BPP
    guidrv_template.o(i._DrawBitmap) refers to guidrv_template.o(i._DrawBitLine4BPP) for _DrawBitLine4BPP
    guidrv_template.o(i._DrawBitmap) refers to guidrv_template.o(i._DrawBitLine8BPP) for _DrawBitLine8BPP
    guidrv_template.o(i._DrawBitmap) refers to guidrv_template.o(i._DrawBitLine16BPP) for _DrawBitLine16BPP
    guidrv_template.o(i._DrawBitmap) refers to guidrv_template.o(i._DrawBitLine32BPP) for _DrawBitLine32BPP
    guidrv_template.o(i._DrawHLine) refers to guidrv_template.o(i._FillRect) for _FillRect
    guidrv_template.o(i._DrawVLine) refers to guidrv_template.o(i._FillRect) for _FillRect
    guidrv_template.o(i._FillRect) refers to lcd_config.o(i.LCD_Fill) for LCD_Fill
    guidrv_template.o(i._FillRect) refers to gui_core.o(.data) for GUI_pContext
    guidrv_template.o(i._GetDevData) refers to guidev_16.o(.constdata) for GUI_MEMDEV_DEVICE_16
    guidrv_template.o(i._GetDevFunc) refers to guidrv_template.o(i._SetVRAMAddr) for _SetVRAMAddr
[...]
    0x08000ea4   0x08000ea4   0x00000006   Code   RO         5475    i.GUI_ALLOC_p2h     STemWin540_CM4_OS_Keil.lib(gui_alloc.o)
    0x08000eaa   0x08000eaa   0x0000003c   Code   RO         5531    i.GUI_CalcColorDist  STemWin540_CM4_OS_Keil.lib(gui_common.o)
    0x08000ee6   0x08000ee6   0x0000001c   Code   RO         5696    i.GUI_Clear         STemWin540_CM4_OS_Keil.lib(gui_core.o)
    0x08000f02   0x08000f02   0x00000002   PAD
    0x08000f04   0x08000f04   0x00000068   Code   RO         5697    i.GUI_ClearRect     STemWin540_CM4_OS_Keil.lib(gui_core.o)
    0x08000f6c   0x08000f6c   0x00000050   Code   RO         5760    i.GUI_DEVICE_Create  STemWin540_CM4_OS_Keil.lib(gui_device.o)
    0x08000fbc   0x08000fbc   0x00000028   Code   RO         5761    i.GUI_DEVICE_CreateAndLink  STemWin540_CM4_OS_Keil.lib(gui_device.o)
    0x08000fe4   0x08000fe4   0x00000004   Code   RO         5762    i.GUI_DEVICE_Delete  STemWin540_CM4_OS_Keil.lib(gui_device.o)
    0x08000fe8   0x08000fe8   0x00000098   Code   RO         5763    i.GUI_DEVICE_Link   STemWin540_CM4_OS_Keil.lib(gui_device.o)
    0x08001080   0x08001080   0x00000012   Code   RO         5764    i.GUI_DEVICE_LinkDevices  STemWin540_CM4_OS_Keil.lib(gui_device.o)
    0x08001092   0x08001092   0x00000002   PAD
    0x08001094   0x08001094   0x00000038   Code   RO         5765    i.GUI_DEVICE_Unlink  STemWin540_CM4_OS_Keil.lib(gui_device.o)
    0x080010cc   0x080010cc   0x00000004   Code   RO         5766    i.GUI_DEVICE_UnlinkTaskDevices  STemWin540_CM4_OS_Keil.lib(gui_device.o)
    0x080010d0   0x080010d0   0x00000024   Code   RO         5768    i.GUI_DEVICE__GetpDriver  STemWin540_CM4_OS_Keil.lib(gui_device.o)
    0x080010f4   0x080010f4   0x00000070   Code   RO         5925    i.GUI_Delay         STemWin540_CM4_OS_Keil.lib(gui_time.o)
    0x08001164   0x08001164   0x00000058   Code   RO         6240    i.GUI_DrawBitmap    STemWin540_CM4_OS_Keil.lib(gui_drawbitmap.o)
    0x080011bc   0x080011bc   0x00000014   Code   RO         5541    i.GUI_Exec          STemWin540_CM4_OS_Keil.lib(gui_common.o)
    0x080011d0   0x080011d0   0x0000003c   Code   RO         5542    i.GUI_Exec1         STemWin540_CM4_OS_Keil.lib(gui_common.o)
    0x0800120c   0x0800120c   0x00000014   Code   RO         5956    i.GUI_GetBitsPerPixelEx  STemWin540_CM4_OS_Keil.lib(lcd_getex.o)
    0x08001220   0x08001220   0x0000001a   Code   RO         5559    i.GUI_GetOrg        STemWin540_CM4_OS_Keil.lib(gui_common.o)
    0x0800123a   0x0800123a   0x00000002   PAD
    0x0800123c   0x0800123c   0x00000010   Code   RO         5957    i.GUI_GetpfColor2IndexEx  STemWin540_CM4_OS_Keil.lib(lcd_getex.o)
    0x0800124c   0x0800124c   0x00000010   Code   RO         5958    i.GUI_GetpfIndex2ColorEx  STemWin540_CM4_OS_Keil.lib(lcd_getex.o)
    0x0800125c   0x0800125c   0x00000020   Code   RO         5571    i.GUI_GotoXY        STemWin540_CM4_OS_Keil.lib(gui_common.o)
    0x0800127c   0x0800127c   0x00000094   Code   RO         5705    i.GUI_Init          STemWin540_CM4_OS_Keil.lib(gui_core.o)
    0x08001310   0x08001310   0x0000006c   Code   RO         6272    i.GUI_Lock          STemWin540_CM4_OS_Keil.lib(gui_task.o)
    0x0800137c   0x0800137c   0x00000044   Code   RO         7228    i.GUI_MEMDEV_Clear  STemWin540_CM4_OS_Keil.lib(guidev_clear.o)
    0x080013c0   0x080013c0   0x0000000c   Code   RO         6923    i.GUI_MEMDEV_CopyToLCD  STemWin540_CM4_OS_Keil.lib(guidev.o)
    0x080013cc   0x080013cc   0x000000a8   Code   RO         6924    i.GUI_MEMDEV_CopyToLCDAt  STemWin540_CM4_OS_Keil.lib(guidev.o)
    0x08001474   0x08001474   0x00000084   Code   RO         6926    i.GUI_MEMDEV_CreateEx  STemWin540_CM4_OS_Keil.lib(guidev.o)
    0x080014f8   0x080014f8   0x00000048   Code   RO         6927    i.GUI_MEMDEV_Delete  STemWin540_CM4_OS_Keil.lib(guidev.o)
    0x08001540   0x08001540   0x00000158   Code   RO         6943    i.GUI_MEMDEV_Draw   STemWin540_CM4_OS_Keil.lib(guidev_banding.o)
    0x08001698   0x08001698   0x00000032   Code   RO         6928    i.GUI_MEMDEV_GetBitsPerPixel  STemWin540_CM4_OS_Keil.lib(guidev.o)
    0x080016ca   0x080016ca   0x00000028   Code   RO         6950    i.GUI_MEMDEV_GetDataPtr  STemWin540_CM4_OS_Keil.lib(guidev_getdataptr.o)
    0x080016f2   0x080016f2   0x00000002   PAD
    0x080016f4   0x080016f4   0x00000034   Code   RO         7240    i.GUI_MEMDEV_GetYSize  STemWin540_CM4_OS_Keil.lib(guidev_getysize.o)
    0x08001728   0x08001728   0x0000001e   Code   RO         6956    i.GUI_MEMDEV_Paint1Static  STemWin540_CM4_OS_Keil.lib(guidev_staticdevices.o)
    0x08001746   0x08001746   0x00000002   PAD
    0x08001748   0x08001748   0x00000038   Code   RO         7242    i.GUI_MEMDEV_ReduceYSize  STemWin540_CM4_OS_Keil.lib(guidev_reduceysize.o)
    0x08001780   0x08001780   0x00000050   Code   RO         6930    i.GUI_MEMDEV_Select  STemWin540_CM4_OS_Keil.lib(guidev.o)
    0x080017d0   0x080017d0   0x00000064   Code   RO         7244    i.GUI_MEMDEV_SetOrg  STemWin540_CM4_OS_Keil.lib(guidev_setorg.o)
    0x08001834   0x08001834   0x0000000c   Code   RO         7259    i.GUI_MEMDEV_Write  STemWin540_CM4_OS_Keil.lib(guidev_write.o)
    0x08001840   0x08001840   0x00000068   Code   RO         7260    i.GUI_MEMDEV_WriteAt  STemWin540_CM4_OS_Keil.lib(guidev_write.o)
    0x080018a8   0x080018a8   0x000000f4   Code   RO         6931    i.GUI_MEMDEV__CreateFixed  STemWin540_CM4_OS_Keil.lib(guidev.o)
    0x0800199c   0x0800199c   0x00000020   Code   RO         7453    i.GUI_MEMDEV__WriteToActiveAlpha  STemWin540_CM4_OS_Keil.lib(guidev_writetoactivealpha.o)
    0x080019bc   0x080019bc   0x00000030   Code   RO         6932    i.GUI_MEMDEV__WriteToActiveAt  STemWin540_CM4_OS_Keil.lib(guidev.o)
    0x080019ec   0x080019ec   0x0000003e   Code   RO         6439    i.GUI_MEMDEV__WriteToActiveOpaque  STemWin540_CM4_OS_Keil.lib(guidev_writetoactiveopaque.o)
    0x08001a2a   0x08001a2a   0x00000058   Code   RO         5577    i.GUI_MergeRect     STemWin540_CM4_OS_Keil.lib(gui_common.o)
    0x08001a82   0x08001a82   0x0000001e   Code   RO         5578    i.GUI_MoveRect      STemWin540_CM4_OS_Keil.lib(gui_common.o)
    0x08001aa0   0x08001aa0   0x00000034   Code   RO         6249    i.GUI_PollKeyMsg    STemWin540_CM4_OS_Keil.lib(gui_onkey.o)
    0x08001ad4   0x08001ad4   0x00000184   Code   RO         5778    i.GUI_QR_Create     STemWin540_CM4_OS_Keil.lib(gui_qr.o)
    0x08001c58   0x08001c58   0x0000000a   Code   RO         5779    i.GUI_QR_Delete     STemWin540_CM4_OS_Keil.lib(gui_qr.o)
    0x08001c62   0x08001c62   0x0000003c   Code   RO         5780    i.GUI_QR_Draw       STemWin540_CM4_OS_Keil.lib(gui_qr.o)
    0x08001c9e   0x08001c9e   0x00000002   PAD
    0x08001ca0   0x08001ca0   0x00000060   Code   RO         7184    i.GUI_ReadRectEx    STemWin540_CM4_OS_Keil.lib(lcd_readrect.o)
    0x08001d00   0x08001d00   0x00000038   Code   RO         5579    i.GUI_RectsIntersect  STemWin540_CM4_OS_Keil.lib(gui_common.o)
    0x08001d38   0x08001d38   0x00000010   Code   RO         5580    i.GUI_RestoreContext  STemWin540_CM4_OS_Keil.lib(gui_common.o)
    0x08001d48   0x08001d48   0x00000010   Code   RO         5582    i.GUI_SaveContext_W  STemWin540_CM4_OS_Keil.lib(gui_common.o)
    0x08001d58   0x08001d58   0x0000001a   Code   RO         5583    i.GUI_SelectLCD     STemWin540_CM4_OS_Keil.lib(gui_common.o)
    0x08001d72   0x08001d72   0x00000002   PAD
    0x08001d74   0x08001d74   0x00000038   Code   RO         6829    i.GUI_SelectLayer   STemWin540_CM4_OS_Keil.lib(gui_selectlayer.o)
    0x08001dac   0x08001dac   0x00000016   Code   RO         5584    i.GUI_SetBkColor    STemWin540_CM4_OS_Keil.lib(gui_common.o)
    0x08001dc2   0x08001dc2   0x00000016   Code   RO         5587    i.GUI_SetColor      STemWin540_CM4_OS_Keil.lib(gui_common.o)
    0x08001dd8   0x08001dd8   0x00000018   Code   RO         5591    i.GUI_SetDrawMode   STemWin540_CM4_OS_Keil.lib(gui_common.o)
    0x08001df0   0x08001df0   0x00000020   Code   RO         5592    i.GUI_SetFont       STemWin540_CM4_OS_Keil.lib(gui_common.o)
    0x08001e10   0x08001e10   0x0000001c   Code   RO         5594    i.GUI_SetLineStyle  STemWin540_CM4_OS_Keil.lib(gui_common.o)
    0x08001e2c   0x08001e2c   0x00000040   Code   RO         5595    i.GUI_SetOrg        STemWin540_CM4_OS_Keil.lib(gui_common.o)
    0x08001e6c   0x08001e6c   0x0000001c   Code   RO         5597    i.GUI_SetPenSize    STemWin540_CM4_OS_Keil.lib(gui_common.o)
    0x08001e88   0x08001e88   0x00000020   Code   RO         5600    i.GUI_SetTextAlign  STemWin540_CM4_OS_Keil.lib(gui_common.o)
    0x08001ea8   0x08001ea8   0x00000020   Code   RO         5601    i.GUI_SetTextMode   STemWin540_CM4_OS_Keil.lib(gui_common.o)
    0x08001ec8   0x08001ec8   0x00000010   Code   RO         6345    i.GUI_SignalEvent   STemWin540_CM4_OS_Keil.lib(gui_waitevent.o)
    0x08001ed8   0x08001ed8   0x00000010   Code   RO         6251    i.GUI_StoreKey      STemWin540_CM4_OS_Keil.lib(gui_onkey.o)
    0x08001ee8   0x08001ee8   0x00000026   Code   RO         6845    i.GUI_TIMER_Delete  STemWin540_CM4_OS_Keil.lib(gui_timer.o)
    0x08001f0e   0x08001f0e   0x00000032   Code   RO         6847    i.GUI_TIMER_GetFlag  STemWin540_CM4_OS_Keil.lib(gui_timer.o)
    0x08001f40   0x08001f40   0x00000028   Code   RO         6853    i.GUI_TIMER__GetFirstTimer  STemWin540_CM4_OS_Keil.lib(gui_timer.o)
    0x08001f68   0x08001f68   0x00000036   Code   RO         6855    i.GUI_TIMER__GetNextTimerLin  STemWin540_CM4_OS_Keil.lib(gui_timer.o)
    0x08001f9e   0x08001f9e   0x00000002   PAD
    0x08001fa0   0x08001fa0   0x0000049a   Code   RO         6294    i.GUI_TOUCH_CalcCoefficients  STemWin540_CM4_OS_Keil.lib(gui_touch_calibrate.o)
    0x0800243a   0x0800243a   0x00000002   PAD
    0x0800243c   0x0800243c   0x000000c8   Code   RO         5934    i.GUI_TOUCH_Calibrate  STemWin540_CM4_OS_Keil.lib(gui_touch_driveranalog.o)
    0x08002504   0x08002504   0x0000000c   Code   RO         5938    i.GUI_TOUCH_SetOrientation  STemWin540_CM4_OS_Keil.lib(gui_touch_driveranalog.o)
    0x08002510   0x08002510   0x00000028   Code   RO         6433    i.GUI_USAGE_AddRect  STemWin540_CM4_OS_Keil.lib(guidev_usage.o)
    0x08002538   0x08002538   0x00000074   Code   RO         7246    i.GUI_USAGE_BM_AddHLine  STemWin540_CM4_OS_Keil.lib(guidev_usagebm.o)
    0x080025ac   0x080025ac   0x0000002c   Code   RO         7247    i.GUI_USAGE_BM_AddPixel  STemWin540_CM4_OS_Keil.lib(guidev_usagebm.o)
    0x080025d8   0x080025d8   0x0000000e   Code   RO         7248    i.GUI_USAGE_BM_Clear  STemWin540_CM4_OS_Keil.lib(guidev_usagebm.o)
    0x080025e6   0x080025e6   0x00000002   PAD
    0x080025e8   0x080025e8   0x0000005c   Code   RO         7249    i.GUI_USAGE_BM_Create  STemWin540_CM4_OS_Keil.lib(guidev_usagebm.o)
    0x08002644   0x08002644   0x0000009a   Code   RO         7250    i.GUI_USAGE_BM_GetNextDirty  STemWin540_CM4_OS_Keil.lib(guidev_usagebm.o)
    0x080026de   0x080026de   0x0000002c   Code   RO         6434    i.GUI_USAGE_DecUseCnt  STemWin540_CM4_OS_Keil.lib(guidev_usage.o)
    0x0800270a   0x0800270a   0x00000002   PAD
    0x0800270c   0x0800270c   0x00000014   Code   RO         6273    i.GUI_Unlock        STemWin540_CM4_OS_Keil.lib(gui_task.o)
    0x08002720   0x08002720   0x00000018   Code   RO          267    i.GUI_X_Config      guiconf.o
    0x08002738   0x08002738   0x0000000c   Code   RO          629    i.GUI_X_Delay       gui_x_freertos.o
    0x08002744   0x08002744   0x00000002   Code   RO          631    i.GUI_X_ExecIdle    gui_x_freertos.o
    0x08002746   0x08002746   0x00000008   Code   RO          632    i.GUI_X_GetTaskId   gui_x_freertos.o
    0x0800274e   0x0800274e   0x00000008   Code   RO          633    i.GUI_X_GetTime     gui_x_freertos.o
    0x08002756   0x08002756   0x00000002   Code   RO          634    i.GUI_X_Init        gui_x_freertos.o
    0x08002758   0x08002758   0x00000080   Code   RO          635    i.GUI_X_InitOS      gui_x_freertos.o
    0x080027d8   0x080027d8   0x00000020   Code   RO          636    i.GUI_X_Lock        gui_x_freertos.o
    0x080027f8   0x080027f8   0x00000018   Code   RO          639    i.GUI_X_Unlock      gui_x_freertos.o
    0x08002810   0x08002810   0x00000016   Code   RO         6730    i.GUI__AllocAlphaBuffer  STemWin540_CM4_OS_Keil.lib(gui__alpha.o)
    0x08002826   0x08002826   0x00000002   PAD
    0x08002828   0x08002828   0x00000024   Code   RO         7103    i.GUI__AlphaPreserveTrans  STemWin540_CM4_OS_Keil.lib(gui_setalpha.o)
    0x0800284c   0x0800284c   0x00000124   Code   RO         6749    i.GUI__CompactPixelIndices  STemWin540_CM4_OS_Keil.lib(gui__compactpixelindices.o)
    0x08002970   0x08002970   0x0000000c   Code   RO         6750    i.GUI__CompactPixelIndicesEx  STemWin540_CM4_OS_Keil.lib(gui__compactpixelindices.o)
    0x0800297c   0x0800297c   0x00000038   Code   RO         5715    i.GUI__Config       STemWin540_CM4_OS_Keil.lib(gui_core.o)
    0x080029b4   0x080029b4   0x00000168   Code   RO         6751    i.GUI__ConvertColor2Index  STemWin540_CM4_OS_Keil.lib(gui__compactpixelindices.o)
    0x08002b1c   0x08002b1c   0x000001d4   Code   RO         6731    i.GUI__DoAlphaBlending  STemWin540_CM4_OS_Keil.lib(gui__alpha.o)
    0x08002cf0   0x08002cf0   0x00000142   Code   RO         7061    i.GUI__ExpandPixelIndicesEx  STemWin540_CM4_OS_Keil.lib(gui__expandpixelindices.o)
    0x08002e32   0x08002e32   0x00000002   PAD
    0x08002e34   0x08002e34   0x0000009c   Code   RO         6732    i.GUI__GetAlphaBuffer  STemWin540_CM4_OS_Keil.lib(gui__alpha.o)
    0x08002ed0   0x08002ed0   0x0000001c   Code   RO         5605    i.GUI__GetOrg       STemWin540_CM4_OS_Keil.lib(gui_common.o)
    0x08002eec   0x08002eec   0x0000003a   Code   RO         6148    i.GUI__IntersectRect  STemWin540_CM4_OS_Keil.lib(gui__private.o)
    0x08002f26   0x08002f26   0x00000052   Code   RO         6149    i.GUI__IntersectRects  STemWin540_CM4_OS_Keil.lib(gui__private.o)
    0x08002f78   0x08002f78   0x00000010   Code   RO         6757    i.GUI__ManageCache  STemWin540_CM4_OS_Keil.lib(gui__managecache.o)
    0x08002f88   0x08002f88   0x000000d4   Code   RO         6758    i.GUI__ManageCacheEx  STemWin540_CM4_OS_Keil.lib(gui__managecache.o)
    0x0800305c   0x0800305c   0x0000005a   Code   RO         6733    i.GUI__MixColors    STemWin540_CM4_OS_Keil.lib(gui__alpha.o)
    0x080030b6   0x080030b6   0x00000002   PAD
    0x080030b8   0x080030b8   0x00000060   Code   RO         6734    i.GUI__MixColorsBulk  STemWin540_CM4_OS_Keil.lib(gui__alpha.o)
    0x08003118   0x08003118   0x00000010   Code   RO         5716    i.GUI__RegisterExit  STemWin540_CM4_OS_Keil.lib(gui_core.o)
    0x08003128   0x08003128   0x0000003c   Code   RO         6157    i.GUI__memset16     STemWin540_CM4_OS_Keil.lib(gui__private.o)
    0x08003164   0x08003164   0x00000024   Code   RO         1757    i.HAL_CRC_Init      stm32f4xx_hal_crc.o
    0x08003188   0x08003188   0x00000034   Code   RO         1440    i.HAL_CRC_MspInit   crc.o
    0x080031bc   0x080031bc   0x00000028   Code   RO         2744    i.HAL_Delay         stm32f4xx_hal.o
    0x080031e4   0x080031e4   0x000000d0   Code   RO         1537    i.HAL_FSMC_MspInit  fsmc.o
    0x080032b4   0x080032b4   0x00000200   Code   RO         2213    i.HAL_GPIO_Init     stm32f4xx_hal_gpio.o
    0x080034b4   0x080034b4   0x0000000c   Code   RO         2217    i.HAL_GPIO_WritePin  stm32f4xx_hal_gpio.o
    0x080034c0   0x080034c0   0x0000000c   Code   RO         2750    i.HAL_GetTick       stm32f4xx_hal.o
    0x080034cc   0x080034cc   0x00000018   Code   RO         2756    i.HAL_IncTick       stm32f4xx_hal.o
    0x080034e4   0x080034e4   0x0000003c   Code   RO         2757    i.HAL_Init          stm32f4xx_hal.o
    0x08003520   0x08003520   0x00000088   Code   RO         1677    i.HAL_InitTick      stm32f4xx_hal_timebase_tim.o
    0x080035a8   0x080035a8   0x00000054   Code   RO         1653    i.HAL_MspInit       stm32f4xx_hal_msp.o
    0x080035fc   0x080035fc   0x00000020   Code   RO         2602    i.HAL_NVIC_EnableIRQ  stm32f4xx_hal_cortex.o
    0x0800361c   0x0800361c   0x0000007c   Code   RO         2608    i.HAL_NVIC_SetPriority  stm32f4xx_hal_cortex.o
    0x08003698   0x08003698   0x00000028   Code   RO         2609    i.HAL_NVIC_SetPriorityGrouping  stm32f4xx_hal_cortex.o
    0x080036c0   0x080036c0   0x00000180   Code   RO         1814    i.HAL_RCC_ClockConfig  stm32f4xx_hal_rcc.o
    0x08003840   0x08003840   0x00000044   Code   RO         1818    i.HAL_RCC_GetClockConfig  stm32f4xx_hal_rcc.o
    0x08003884   0x08003884   0x0000000c   Code   RO         1819    i.HAL_RCC_GetHCLKFreq  stm32f4xx_hal_rcc.o
    0x08003890   0x08003890   0x00000020   Code   RO         1821    i.HAL_RCC_GetPCLK1Freq  stm32f4xx_hal_rcc.o
    0x080038b0   0x080038b0   0x000000b0   Code   RO         1823    i.HAL_RCC_GetSysClockFreq  stm32f4xx_hal_rcc.o
    0x08003960   0x08003960   0x00000448   Code   RO         1826    i.HAL_RCC_OscConfig  stm32f4xx_hal_rcc.o
    0x08003da8   0x08003da8   0x00000058   Code   RO         3122    i.HAL_SRAM_Init     stm32f4xx_hal_sram.o
    0x08003e00   0x08003e00   0x0000000a   Code   RO         1539    i.HAL_SRAM_MspInit  fsmc.o
    0x08003e0a   0x08003e0a   0x00000002   Code   RO         3926    i.HAL_TIMEx_BreakCallback  stm32f4xx_hal_tim_ex.o
    0x08003e0c   0x08003e0c   0x00000002   Code   RO         3927    i.HAL_TIMEx_CommutCallback  stm32f4xx_hal_tim_ex.o
    0x08003e0e   0x08003e0e   0x00000034   Code   RO         3240    i.HAL_TIM_Base_Init  stm32f4xx_hal_tim.o
    0x08003e42   0x08003e42   0x00000002   Code   RO         3242    i.HAL_TIM_Base_MspInit  stm32f4xx_hal_tim.o
    0x08003e44   0x08003e44   0x0000002a   Code   RO         3245    i.HAL_TIM_Base_Start_IT  stm32f4xx_hal_tim.o
    0x08003e6e   0x08003e6e   0x00000002   Code   RO         3269    i.HAL_TIM_IC_CaptureCallback  stm32f4xx_hal_tim.o
    0x08003e70   0x08003e70   0x00000196   Code   RO         3283    i.HAL_TIM_IRQHandler  stm32f4xx_hal_tim.o
    0x08004006   0x08004006   0x00000002   Code   RO         3286    i.HAL_TIM_OC_DelayElapsedCallback  stm32f4xx_hal_tim.o
    0x08004008   0x08004008   0x00000002   Code   RO         3313    i.HAL_TIM_PWM_PulseFinishedCallback  stm32f4xx_hal_tim.o
    0x0800400a   0x0800400a   0x00000012   Code   RO         1253    i.HAL_TIM_PeriodElapsedCallback  main.o
    0x0800401c   0x0800401c   0x00000002   Code   RO         3326    i.HAL_TIM_TriggerCallback  stm32f4xx_hal_tim.o
    0x0800401e   0x0800401e   0x00000004   Code   RO         1591    i.HardFault_Handler  stm32f4xx_it.o
    0x08004022   0x08004022   0x00000002   PAD
    0x08004024   0x08004024   0x00000050   Code   RO         1144    i.IIC_Ack           myiic.o
    0x08004074   0x08004074   0x00000018   Code   RO         1145    i.IIC_Init          myiic.o
    0x0800408c   0x0800408c   0x00000050   Code   RO         1146    i.IIC_NAck          myiic.o
    0x080040dc   0x080040dc   0x0000006c   Code   RO         1147    i.IIC_Read_Byte     myiic.o
    0x08004148   0x08004148   0x00000068   Code   RO         1148    i.IIC_Send_Byte     myiic.o
    0x080041b0   0x080041b0   0x0000004c   Code   RO         1149    i.IIC_Start         myiic.o
    0x080041fc   0x080041fc   0x00000048   Code   RO         1150    i.IIC_Stop          myiic.o
    0x08004244   0x08004244   0x00000060   Code   RO         1151    i.IIC_Wait_Ack      myiic.o
    0x080042a4   0x080042a4   0x00000050   Code   RO         6894    i.LCD_AA_MixColors16  STemWin540_CM4_OS_Keil.lib(lcd_aa.o)
    0x080042f4   0x080042f4   0x00000010   Code   RO         6896    i.LCD_AA_SetAndMask  STemWin540_CM4_OS_Keil.lib(lcd_aa.o)
    0x08004304   0x08004304   0x0000001a   Code   RO          929    i.LCD_BGR2RGB       lcd_config.o
    0x0800431e   0x0800431e   0x00000002   PAD
    0x08004320   0x08004320   0x0000006c   Code   RO          930    i.LCD_Clear         lcd_config.o
    0x0800438c   0x0800438c   0x0000001c   Code   RO         6355    i.LCD_Color2Index   STemWin540_CM4_OS_Keil.lib(lcd.o)
    0x080043a8   0x080043a8   0x00003654   Code   RO          932    i.LCD_Config_Init   lcd_config.o
    0x080079fc   0x080079fc   0x000001c0   Code   RO          935    i.LCD_Display_Dir   lcd_config.o
    0x08007bbc   0x08007bbc   0x00000204   Code   RO         6356    i.LCD_DrawBitmap    STemWin540_CM4_OS_Keil.lib(lcd.o)
    0x08007dc0   0x08007dc0   0x00000058   Code   RO         6357    i.LCD_DrawHLine     STemWin540_CM4_OS_Keil.lib(lcd.o)
    0x08007e18   0x08007e18   0x000000b0   Code   RO          936    i.LCD_DrawLine      lcd_config.o
    0x08007ec8   0x08007ec8   0x00000068   Code   RO         6358    i.LCD_DrawPixel     STemWin540_CM4_OS_Keil.lib(lcd.o)
    0x08007f30   0x08007f30   0x00000024   Code   RO          937    i.LCD_DrawPoint     lcd_config.o
    0x08007f54   0x08007f54   0x00000098   Code   RO          939    i.LCD_Draw_Circle   lcd_config.o
    0x08007fec   0x08007fec   0x00000180   Code   RO          940    i.LCD_Fast_DrawPoint  lcd_config.o
    0x0800816c   0x0800816c   0x000000b8   Code   RO          941    i.LCD_Fill          lcd_config.o
    0x08008224   0x08008224   0x00000058   Code   RO         6360    i.LCD_FillRect      STemWin540_CM4_OS_Keil.lib(lcd.o)
    0x0800827c   0x0800827c   0x00000006   Code   RO         5960    i.LCD_GetBitsPerPixelEx  STemWin540_CM4_OS_Keil.lib(lcd_getex.o)
    0x08008282   0x08008282   0x00000002   PAD
    0x08008284   0x08008284   0x00000010   Code   RO         5967    i.LCD_GetNumColors  STemWin540_CM4_OS_Keil.lib(lcd_getex.o)
    0x08008294   0x08008294   0x00000006   Code   RO         5968    i.LCD_GetNumColorsEx  STemWin540_CM4_OS_Keil.lib(lcd_getex.o)
    0x0800829a   0x0800829a   0x0000001a   Code   RO         6917    i.LCD_GetNumLayers  STemWin540_CM4_OS_Keil.lib(lcd_getnumdisplays.o)
    0x080082b4   0x080082b4   0x00000010   Code   RO         5969    i.LCD_GetPalette    STemWin540_CM4_OS_Keil.lib(lcd_getex.o)
    0x080082c4   0x080082c4   0x00000018   Code   RO         5970    i.LCD_GetPaletteEx  STemWin540_CM4_OS_Keil.lib(lcd_getex.o)
    0x080082dc   0x080082dc   0x00000006   Code   RO         5974    i.LCD_GetVXSizeEx   STemWin540_CM4_OS_Keil.lib(lcd_getex.o)
    0x080082e2   0x080082e2   0x00000006   Code   RO         5975    i.LCD_GetVXSizeMax  STemWin540_CM4_OS_Keil.lib(lcd_getex.o)
    0x080082e8   0x080082e8   0x00000006   Code   RO         5977    i.LCD_GetVYSizeEx   STemWin540_CM4_OS_Keil.lib(lcd_getex.o)
    0x080082ee   0x080082ee   0x00000002   PAD
    0x080082f0   0x080082f0   0x00000010   Code   RO         5981    i.LCD_GetXSize      STemWin540_CM4_OS_Keil.lib(lcd_getex.o)
    0x08008300   0x08008300   0x0000000c   Code   RO         5982    i.LCD_GetXSizeDisplay  STemWin540_CM4_OS_Keil.lib(lcd_getex.o)
    0x0800830c   0x0800830c   0x00000006   Code   RO         5983    i.LCD_GetXSizeEx    STemWin540_CM4_OS_Keil.lib(lcd_getex.o)
    0x08008312   0x08008312   0x00000006   Code   RO         5984    i.LCD_GetXSizeMax   STemWin540_CM4_OS_Keil.lib(lcd_getex.o)
    0x08008318   0x08008318   0x00000010   Code   RO         5987    i.LCD_GetYSize      STemWin540_CM4_OS_Keil.lib(lcd_getex.o)
    0x08008328   0x08008328   0x0000000c   Code   RO         5988    i.LCD_GetYSizeDisplay  STemWin540_CM4_OS_Keil.lib(lcd_getex.o)
    0x08008334   0x08008334   0x00000006   Code   RO         5989    i.LCD_GetYSizeEx    STemWin540_CM4_OS_Keil.lib(lcd_getex.o)
    0x0800833a   0x0800833a   0x00000006   Code   RO         5990    i.LCD_GetYSizeMax   STemWin540_CM4_OS_Keil.lib(lcd_getex.o)
    0x08008340   0x08008340   0x00000004   Code   RO         6397    i.LCD_GetpPalConvTableBM  STemWin540_CM4_OS_Keil.lib(lcd_color.o)
    0x08008344   0x08008344   0x0000005c   Code   RO         6398    i.LCD_GetpPalConvTableUncached  STemWin540_CM4_OS_Keil.lib(lcd_color.o)
    0x080083a0   0x080083a0   0x0000001c   Code   RO         6361    i.LCD_Index2Color   STemWin540_CM4_OS_Keil.lib(lcd.o)
    0x080083bc   0x080083bc   0x0000002c   Code   RO         5945    i.LCD_Index2Color_565  STemWin540_CM4_OS_Keil.lib(guicc_565.o)
    0x080083e8   0x080083e8   0x00000002   Code   RO         7170    i.LCD_Index2Color_888  STemWin540_CM4_OS_Keil.lib(guicc_888_index2color.o)
    0x080083ea   0x080083ea   0x00000002   Code   RO         7181    i.LCD_Index2Color_8888  STemWin540_CM4_OS_Keil.lib(guicc_8888_index2color.o)
    0x080083ec   0x080083ec   0x00000034   Code   RO         6399    i.LCD_InitColors    STemWin540_CM4_OS_Keil.lib(lcd_color.o)
    0x08008420   0x08008420   0x0000007c   Code   RO         6400    i.LCD_InitLUT       STemWin540_CM4_OS_Keil.lib(lcd_color.o)
    0x0800849c   0x0800849c   0x00000014   Code   RO          943    i.LCD_RD_DATA       lcd_config.o
    0x080084b0   0x080084b0   0x0000016c   Code   RO          944    i.LCD_ReadPoint     lcd_config.o
    0x0800861c   0x0800861c   0x00000198   Code   RO         7186    i.LCD_ReadRectEx    STemWin540_CM4_OS_Keil.lib(lcd_readrect.o)
    0x080087b4   0x080087b4   0x00000016   Code   RO          945    i.LCD_ReadReg       lcd_config.o
    0x080087ca   0x080087ca   0x00000002   PAD
    0x080087cc   0x080087cc   0x00000060   Code   RO          946    i.LCD_SSD_BackLightSet  lcd_config.o
    0x0800882c   0x0800882c   0x000002ec   Code   RO          947    i.LCD_Scan_Dir      lcd_config.o
    0x08008b18   0x08008b18   0x00000040   Code   RO         6423    i.LCD_SelectLCD     STemWin540_CM4_OS_Keil.lib(lcd_selectlcd.o)
    0x08008b58   0x08008b58   0x0000000c   Code   RO         6362    i.LCD_SetBkColor    STemWin540_CM4_OS_Keil.lib(lcd.o)
    0x08008b64   0x08008b64   0x00000018   Code   RO         6363    i.LCD_SetBkColorIndex  STemWin540_CM4_OS_Keil.lib(lcd.o)
    0x08008b7c   0x08008b7c   0x00000030   Code   RO         6921    i.LCD_SetClipRectEx  STemWin540_CM4_OS_Keil.lib(lcd_setcliprectex.o)
    0x08008bac   0x08008bac   0x0000001c   Code   RO         6364    i.LCD_SetClipRectMax  STemWin540_CM4_OS_Keil.lib(lcd.o)
    0x08008bc8   0x08008bc8   0x0000000c   Code   RO         6365    i.LCD_SetColor      STemWin540_CM4_OS_Keil.lib(lcd.o)
    0x08008bd4   0x08008bd4   0x00000018   Code   RO         6366    i.LCD_SetColorIndex  STemWin540_CM4_OS_Keil.lib(lcd.o)
    0x08008bec   0x08008bec   0x000001a8   Code   RO          948    i.LCD_SetCursor     lcd_config.o
    0x08008d94   0x08008d94   0x0000000c   Code   RO         5993    i.LCD_SetDisplaySize  STemWin540_CM4_OS_Keil.lib(lcd_getex.o)
    0x08008da0   0x08008da0   0x0000000c   Code   RO         6367    i.LCD_SetDrawMode   STemWin540_CM4_OS_Keil.lib(lcd.o)
    0x08008dac   0x08008dac   0x0000002c   Code   RO         6059    i.LCD_SetLUTEntryEx  STemWin540_CM4_OS_Keil.lib(lcd_set.o)
    0x08008dd8   0x08008dd8   0x0000002c   Code   RO         6064    i.LCD_SetSizeEx     STemWin540_CM4_OS_Keil.lib(lcd_set.o)
    0x08008e04   0x08008e04   0x0000002c   Code   RO         6068    i.LCD_SetVSizeEx    STemWin540_CM4_OS_Keil.lib(lcd_set.o)
    0x08008e30   0x08008e30   0x00000024   Code   RO         6425    i.LCD_UpdateColorIndices  STemWin540_CM4_OS_Keil.lib(lcd_updatecolorindices.o)
    0x08008e54   0x08008e54   0x0000000c   Code   RO          954    i.LCD_WR_DATA       lcd_config.o
    0x08008e60   0x08008e60   0x0000000c   Code   RO          955    i.LCD_WR_REG        lcd_config.o
    0x08008e6c   0x08008e6c   0x00000014   Code   RO          957    i.LCD_WriteRAM_Prepare  lcd_config.o
    0x08008e80   0x08008e80   0x00000014   Code   RO          958    i.LCD_WriteReg      lcd_config.o
    0x08008e94   0x08008e94   0x00000060   Code   RO          500    i.LCD_X_Config      lcdconf_flexcolor_template.o
    0x08008ef4   0x08008ef4   0x0000001a   Code   RO          501    i.LCD_X_DisplayDriver  lcdconf_flexcolor_template.o
    0x08008f0e   0x08008f0e   0x00000002   PAD
    0x08008f10   0x08008f10   0x000001b4   Code   RO         6369    i.LCD__DrawBitmap_1bpp  STemWin540_CM4_OS_Keil.lib(lcd.o)
    0x080090c4   0x080090c4   0x0000005c   Code   RO         5994    i.LCD__GetBPP       STemWin540_CM4_OS_Keil.lib(lcd_getex.o)
    0x08009120   0x08009120   0x00000032   Code   RO         5995    i.LCD__GetBPPDevice  STemWin540_CM4_OS_Keil.lib(lcd_getex.o)
    0x08009152   0x08009152   0x00000002   PAD
    0x08009154   0x08009154   0x00000020   Code   RO         1441    i.MX_CRC_Init       crc.o
    0x08009174   0x08009174   0x00000044   Code   RO         1481    i.MX_FREERTOS_Init  freertos.o
    0x080091b8   0x080091b8   0x0000007c   Code   RO         1540    i.MX_FSMC_Init      fsmc.o
    0x08009234   0x08009234   0x00000210   Code   RO         1415    i.MX_GPIO_Init      gpio.o
    0x08009444   0x08009444   0x00000058   Code   RO           10    i.MainTask          maintask.o
    0x0800949c   0x0800949c   0x00000004   Code   RO         1592    i.MemManage_Handler  stm32f4xx_it.o
    0x080094a0   0x080094a0   0x00000002   Code   RO         1593    i.NMI_Handler       stm32f4xx_it.o
    0x080094a2   0x080094a2   0x0000000e   Code   RO         1482    i.Start_LCD_Task    freertos.o
    0x080094b0   0x080094b0   0x0000000a   Code   RO         1483    i.Start_LED_Task    freertos.o
    0x080094ba   0x080094ba   0x00000002   PAD
    0x080094bc   0x080094bc   0x00000034   Code   RO         5371    i.SysTick_Handler   port.o
    0x080094f0   0x080094f0   0x000000b4   Code   RO         1254    i.SystemClock_Config  main.o
    0x080095a4   0x080095a4   0x00000064   Code   RO         1717    i.SystemInit        system_stm32f4xx.o
    0x08009608   0x08009608   0x00000010   Code   RO         1594    i.TIM2_IRQHandler   stm32f4xx_it.o
    0x08009618   0x08009618   0x000000d8   Code   RO         3328    i.TIM_Base_SetConfig  stm32f4xx_hal_tim.o
    0x080096f0   0x080096f0   0x00000680   Code   RO          816    i.TP_Adjust         touch.o
    0x08009d70   0x08009d70   0x00000070   Code   RO          818    i.TP_Drow_Touch_Point  touch.o
    0x08009de0   0x08009de0   0x00000084   Code   RO          819    i.TP_Get_Adjdata    touch.o
    0x08009e64   0x08009e64   0x00000074   Code   RO          820    i.TP_Init           touch.o
    0x08009ed8   0x08009ed8   0x0000008c   Code   RO          821    i.TP_Read_AD        touch.o
    0x08009f64   0x08009f64   0x00000078   Code   RO          822    i.TP_Read_XOY       touch.o
    0x08009fdc   0x08009fdc   0x00000030   Code   RO          823    i.TP_Read_XY        touch.o
    0x0800a00c   0x0800a00c   0x000000c0   Code   RO          824    i.TP_Read_XY2       touch.o
    0x0800a0cc   0x0800a0cc   0x00000050   Code   RO          825    i.TP_Save_Adjdata   touch.o
    0x0800a11c   0x0800a11c   0x000000fc   Code   RO          826    i.TP_Scan           touch.o
    0x0800a218   0x0800a218   0x00000044   Code   RO          827    i.TP_Write_Byte     touch.o
    0x0800a25c   0x0800a25c   0x00000004   Code   RO         1595    i.UsageFault_Handler  stm32f4xx_it.o
    0x0800a260   0x0800a260   0x00000010   Code   RO         6450    i.WM_Activate       STemWin540_CM4_OS_Keil.lib(wm.o)
    0x0800a270   0x0800a270   0x00000088   Code   RO         6570    i.WM_BringToBottom  STemWin540_CM4_OS_Keil.lib(wm_lib.o)
    0x0800a2f8   0x0800a2f8   0x00000150   Code   RO         6452    i.WM_CreateWindowAsChild  STemWin540_CM4_OS_Keil.lib(wm.o)
    0x0800a448   0x0800a448   0x00000020   Code   RO         6453    i.WM_Deactivate     STemWin540_CM4_OS_Keil.lib(wm.o)
    0x0800a468   0x0800a468   0x00000046   Code   RO         6454    i.WM_DefaultProc    STemWin540_CM4_OS_Keil.lib(wm.o)
    0x0800a4ae   0x0800a4ae   0x0000002a   Code   RO         7029    i.WM_DeleteTimer    STemWin540_CM4_OS_Keil.lib(wm_timer.o)
    0x0800a4d8   0x0800a4d8   0x000000f0   Code   RO         6455    i.WM_DeleteWindow   STemWin540_CM4_OS_Keil.lib(wm.o)
    0x0800a5c8   0x0800a5c8   0x0000007c   Code   RO         6456    i.WM_Exec           STemWin540_CM4_OS_Keil.lib(wm.o)
    0x0800a644   0x0800a644   0x00000018   Code   RO         6583    i.WM_GetDesktopWindow  STemWin540_CM4_OS_Keil.lib(wm_lib.o)
    0x0800a65c   0x0800a65c   0x0000001a   Code   RO         6586    i.WM_GetFirstChild  STemWin540_CM4_OS_Keil.lib(wm_lib.o)
    0x0800a676   0x0800a676   0x0000001a   Code   RO         6599    i.WM_GetParent      STemWin540_CM4_OS_Keil.lib(wm_lib.o)
    0x0800a690   0x0800a690   0x00000020   Code   RO         6606    i.WM_GetWindowOrgX  STemWin540_CM4_OS_Keil.lib(wm_lib.o)
    0x0800a6b0   0x0800a6b0   0x000000d4   Code   RO         6460    i.WM_Init           STemWin540_CM4_OS_Keil.lib(wm.o)
    0x0800a784   0x0800a784   0x00000080   Code   RO         6461    i.WM_InvalidateRect  STemWin540_CM4_OS_Keil.lib(wm.o)
    0x0800a804   0x0800a804   0x00000006   Code   RO         6462    i.WM_InvalidateWindow  STemWin540_CM4_OS_Keil.lib(wm.o)
    0x0800a80a   0x0800a80a   0x0000005e   Code   RO         6463    i.WM_InvalidateWindowAndDescsEx  STemWin540_CM4_OS_Keil.lib(wm.o)
    0x0800a868   0x0800a868   0x0000001e   Code   RO         7019    i.WM_MoveWindow     STemWin540_CM4_OS_Keil.lib(wm_move.o)
    0x0800a886   0x0800a886   0x00000010   Code   RO         6619    i.WM_NotifyParent   STemWin540_CM4_OS_Keil.lib(wm_lib.o)
    0x0800a896   0x0800a896   0x00000002   PAD
    0x0800a898   0x0800a898   0x00000040   Code   RO         6620    i.WM_OnKey          STemWin540_CM4_OS_Keil.lib(wm_lib.o)
    0x0800a8d8   0x0800a8d8   0x000000f4   Code   RO         6622    i.WM_ResizeWindow   STemWin540_CM4_OS_Keil.lib(wm_lib.o)
    0x0800a9cc   0x0800a9cc   0x00000044   Code   RO         6464    i.WM_SelectWindow   STemWin540_CM4_OS_Keil.lib(wm.o)
    0x0800aa10   0x0800aa10   0x0000001a   Code   RO         6623    i.WM_SendMessageNoPara  STemWin540_CM4_OS_Keil.lib(wm_lib.o)
    0x0800aa2a   0x0800aa2a   0x00000026   Code   RO         6624    i.WM_SendToParent   STemWin540_CM4_OS_Keil.lib(wm_lib.o)
    0x0800aa50   0x0800aa50   0x00000014   Code   RO         6466    i.WM_SetDefault     STemWin540_CM4_OS_Keil.lib(wm.o)
    0x0800aa64   0x0800aa64   0x00000048   Code   RO         6636    i.WM_SetSize        STemWin540_CM4_OS_Keil.lib(wm_lib.o)
    0x0800aaac   0x0800aaac   0x00000048   Code   RO         6467    i.WM__ActivateClipRect  STemWin540_CM4_OS_Keil.lib(wm.o)
    0x0800aaf4   0x0800aaf4   0x00000010   Code   RO         6975    i.WM__AddCriticalHandle  STemWin540_CM4_OS_Keil.lib(wm__private.o)
    0x0800ab04   0x0800ab04   0x00000010   Code   RO         6468    i.WM__Client2Screen  STemWin540_CM4_OS_Keil.lib(wm.o)
    0x0800ab14   0x0800ab14   0x0000004e   Code   RO         6469    i.WM__ClipAtParentBorders  STemWin540_CM4_OS_Keil.lib(wm.o)
    0x0800ab62   0x0800ab62   0x00000052   Code   RO         7032    i.WM__DeleteAssocTimer  STemWin540_CM4_OS_Keil.lib(wm_timer.o)
    0x0800abb4   0x0800abb4   0x00000028   Code   RO         6471    i.WM__DetachWindow  STemWin540_CM4_OS_Keil.lib(wm.o)
    0x0800abdc   0x0800abdc   0x00000020   Code   RO         6977    i.WM__GetClientRectEx  STemWin540_CM4_OS_Keil.lib(wm__private.o)
    0x0800abfc   0x0800abfc   0x00000018   Code   RO         6472    i.WM__GetClientRectWin  STemWin540_CM4_OS_Keil.lib(wm.o)
    0x0800ac14   0x0800ac14   0x00000012   Code   RO         6978    i.WM__GetFirstSibling  STemWin540_CM4_OS_Keil.lib(wm__private.o)
    0x0800ac26   0x0800ac26   0x00000002   PAD
    0x0800ac28   0x0800ac28   0x00000040   Code   RO         6473    i.WM__GetNextIVR    STemWin540_CM4_OS_Keil.lib(wm.o)
    0x0800ac68   0x0800ac68   0x00000024   Code   RO         6983    i.WM__GetPrevSibling  STemWin540_CM4_OS_Keil.lib(wm__private.o)
    0x0800ac8c   0x0800ac8c   0x00000018   Code   RO         6474    i.WM__GetTopLevelLayer  STemWin540_CM4_OS_Keil.lib(wm.o)
    0x0800aca4   0x0800aca4   0x000000f0   Code   RO         6475    i.WM__InitIVRSearch  STemWin540_CM4_OS_Keil.lib(wm.o)
    0x0800ad94   0x0800ad94   0x000000a4   Code   RO         6476    i.WM__InsertWindowIntoList  STemWin540_CM4_OS_Keil.lib(wm.o)
    0x0800ae38   0x0800ae38   0x00000006   Code   RO         6477    i.WM__Invalidate1Abs  STemWin540_CM4_OS_Keil.lib(wm.o)
    0x0800ae3e   0x0800ae3e   0x00000002   PAD
    0x0800ae40   0x0800ae40   0x00000054   Code   RO         6478    i.WM__InvalidateDrawAndDescs  STemWin540_CM4_OS_Keil.lib(wm.o)
    0x0800ae94   0x0800ae94   0x0000002a   Code   RO         6479    i.WM__InvalidateParent  STemWin540_CM4_OS_Keil.lib(wm.o)
    0x0800aebe   0x0800aebe   0x00000076   Code   RO         6480    i.WM__InvalidateRect  STemWin540_CM4_OS_Keil.lib(wm.o)
    0x0800af34   0x0800af34   0x00000006   Code   RO         6481    i.WM__InvalidateRectEx  STemWin540_CM4_OS_Keil.lib(wm.o)
    0x0800af3a   0x0800af3a   0x00000002   PAD
    0x0800af3c   0x0800af3c   0x00000020   Code   RO         6482    i.WM__IsWindow      STemWin540_CM4_OS_Keil.lib(wm.o)
    0x0800af5c   0x0800af5c   0x0000009a   Code   RO         7021    i.WM__MoveWindow    STemWin540_CM4_OS_Keil.lib(wm_move.o)
    0x0800aff6   0x0800aff6   0x00000002   PAD
    0x0800aff8   0x0800aff8   0x000000a0   Code   RO         6483    i.WM__Paint         STemWin540_CM4_OS_Keil.lib(wm.o)
    0x0800b098   0x0800b098   0x0000008c   Code   RO         6484    i.WM__Paint1        STemWin540_CM4_OS_Keil.lib(wm.o)
    0x0800b124   0x0800b124   0x00000078   Code   RO         6485    i.WM__PaintWinAndOverlays  STemWin540_CM4_OS_Keil.lib(wm.o)
    0x0800b19c   0x0800b19c   0x00000020   Code   RO         6486    i.WM__RectIsNZ      STemWin540_CM4_OS_Keil.lib(wm.o)
    0x0800b1bc   0x0800b1bc   0x00000040   Code   RO         6487    i.WM__RemoveWindowFromList  STemWin540_CM4_OS_Keil.lib(wm.o)
    0x0800b1fc   0x0800b1fc   0x00000014   Code   RO         6488    i.WM__SelectTopLevelLayer  STemWin540_CM4_OS_Keil.lib(wm.o)
    0x0800b210   0x0800b210   0x0000003c   Code   RO         6991    i.WM__SendMessage   STemWin540_CM4_OS_Keil.lib(wm__private.o)
    0x0800b24c   0x0800b24c   0x00000026   Code   RO         6993    i.WM__SendMessageNoPara  STemWin540_CM4_OS_Keil.lib(wm__private.o)
    0x0800b272   0x0800b272   0x0000000e   Code   RO         6489    i.WM__SendMsgNoData  STemWin540_CM4_OS_Keil.lib(wm.o)
    0x0800b280   0x0800b280   0x000000dc   Code   RO         6994    i.WM__UpdateChildPositions  STemWin540_CM4_OS_Keil.lib(wm__private.o)
    0x0800b35c   0x0800b35c   0x00000090   Code   RO         5476    i._AddFreeMemory    STemWin540_CM4_OS_Keil.lib(gui_alloc.o)
    0x0800b3ec   0x0800b3ec   0x000000b8   Code   RO         5477    i._Alloc            STemWin540_CM4_OS_Keil.lib(gui_alloc.o)
    0x0800b4a4   0x0800b4a4   0x0000002e   Code   RO         5782    i._BS_Allocate      STemWin540_CM4_OS_Keil.lib(gui_qr.o)
    0x0800b4d2   0x0800b4d2   0x00000002   PAD
    0x0800b4d4   0x0800b4d4   0x00000068   Code   RO         5783    i._BS_Append        STemWin540_CM4_OS_Keil.lib(gui_qr.o)
    0x0800b53c   0x0800b53c   0x0000007a   Code   RO         5784    i._BS_AppendBytes   STemWin540_CM4_OS_Keil.lib(gui_qr.o)
    0x0800b5b6   0x0800b5b6   0x0000006c   Code   RO         5785    i._BS_AppendNum     STemWin540_CM4_OS_Keil.lib(gui_qr.o)
    0x0800b622   0x0800b622   0x00000014   Code   RO         5786    i._BS_Create        STemWin540_CM4_OS_Keil.lib(gui_qr.o)
    0x0800b636   0x0800b636   0x00000018   Code   RO         5787    i._BS_Delete        STemWin540_CM4_OS_Keil.lib(gui_qr.o)
    0x0800b64e   0x0800b64e   0x0000006e   Code   RO         5788    i._BS_ToByte        STemWin540_CM4_OS_Keil.lib(gui_qr.o)
    0x0800b6bc   0x0800b6bc   0x00000004   Code   RO         6332    i._CalcSizeOfChar   STemWin540_CM4_OS_Keil.lib(gui_uc_encodenone.o)
    0x0800b6c0   0x0800b6c0   0x00000010   Code   RO         5789    i._Calloc           STemWin540_CM4_OS_Keil.lib(gui_qr.o)
    0x0800b6d0   0x0800b6d0   0x00000038   Code   RO         5946    i._Color2IndexBulk  STemWin540_CM4_OS_Keil.lib(guicc_565.o)
    0x0800b708   0x0800b708   0x0000000e   Code   RO         7172    i._Color2IndexBulk  STemWin540_CM4_OS_Keil.lib(guicc_8888.o)
    0x0800b716   0x0800b716   0x00000002   PAD
    0x0800b718   0x0800b718   0x00000054   Code   RO         6883    i._Color2Index_0    STemWin540_CM4_OS_Keil.lib(guicc_0.o)
    0x0800b76c   0x0800b76c   0x0000002c   Code   RO         5947    i._Color2Index_565  STemWin540_CM4_OS_Keil.lib(guicc_565.o)
    0x0800b798   0x0800b798   0x00000002   Code   RO         7173    i._Color2Index_8888  STemWin540_CM4_OS_Keil.lib(guicc_8888.o)
    0x0800b79a   0x0800b79a   0x0000003e   Code   RO         6440    i._Convert16        STemWin540_CM4_OS_Keil.lib(guidev_writetoactiveopaque.o)
    0x0800b7d8   0x0800b7d8   0x0000003e   Code   RO         6441    i._Convert8         STemWin540_CM4_OS_Keil.lib(guidev_writetoactiveopaque.o)
    0x0800b816   0x0800b816   0x00000002   PAD
    0x0800b818   0x0800b818   0x00000150   Code   RO         6961    i._CreateStaticDevice  STemWin540_CM4_OS_Keil.lib(guidev_staticdevices.o)
    0x0800b968   0x0800b968   0x00000012   Code   RO         6490    i._DeleteAllChildren  STemWin540_CM4_OS_Keil.lib(wm.o)
    0x0800b97a   0x0800b97a   0x00000002   PAD
    0x0800b97c   0x0800b97c   0x00000020   Code   RO         6491    i._DesktopHandle2Index  STemWin540_CM4_OS_Keil.lib(wm.o)
    0x0800b99c   0x0800b99c   0x0000002a   Code   RO          283    i._DrawBitLine16BPP  guidrv_template.o
    0x0800b9c6   0x0800b9c6   0x00000002   PAD
    0x0800b9c8   0x0800b9c8   0x000000f0   Code   RO          284    i._DrawBitLine1BPP  guidrv_template.o
    0x0800bab8   0x0800bab8   0x00000148   Code   RO         6102    i._DrawBitLine1BPP  STemWin540_CM4_OS_Keil.lib(guidev_16.o)
    0x0800bc00   0x0800bc00   0x0000011c   Code   RO         7193    i._DrawBitLine1BPP  STemWin540_CM4_OS_Keil.lib(guidev_32.o)
    0x0800bd1c   0x0800bd1c   0x0000016c   Code   RO          285    i._DrawBitLine2BPP  guidrv_template.o
    0x0800be88   0x0800be88   0x000000e0   Code   RO         6103    i._DrawBitLine2BPP  STemWin540_CM4_OS_Keil.lib(guidev_16.o)
    0x0800bf68   0x0800bf68   0x000000e0   Code   RO         7194    i._DrawBitLine2BPP  STemWin540_CM4_OS_Keil.lib(guidev_32.o)
    0x0800c048   0x0800c048   0x0000002a   Code   RO          286    i._DrawBitLine32BPP  guidrv_template.o
    0x0800c072   0x0800c072   0x00000002   PAD
    0x0800c074   0x0800c074   0x000000b4   Code   RO         7195    i._DrawBitLine32BPP_DDB  STemWin540_CM4_OS_Keil.lib(guidev_32.o)
    0x0800c128   0x0800c128   0x0000016c   Code   RO          287    i._DrawBitLine4BPP  guidrv_template.o
    0x0800c294   0x0800c294   0x00000160   Code   RO         6104    i._DrawBitLine4BPP  STemWin540_CM4_OS_Keil.lib(guidev_16.o)
    0x0800c3f4   0x0800c3f4   0x00000158   Code   RO         7196    i._DrawBitLine4BPP  STemWin540_CM4_OS_Keil.lib(guidev_32.o)
    0x0800c54c   0x0800c54c   0x000000b0   Code   RO          288    i._DrawBitLine8BPP  guidrv_template.o
    0x0800c5fc   0x0800c5fc   0x000000fa   Code   RO          289    i._DrawBitmap       guidrv_template.o
    0x0800c6f6   0x0800c6f6   0x00000002   PAD
    0x0800c6f8   0x0800c6f8   0x000002dc   Code   RO         6105    i._DrawBitmap       STemWin540_CM4_OS_Keil.lib(guidev_16.o)
    0x0800c9d4   0x0800c9d4   0x000002a8   Code   RO         7197    i._DrawBitmap       STemWin540_CM4_OS_Keil.lib(guidev_32.o)
    0x0800cc7c   0x0800cc7c   0x0000001a   Code   RO          290    i._DrawHLine        guidrv_template.o
    0x0800cc96   0x0800cc96   0x0000000a   Code   RO         6106    i._DrawHLine        STemWin540_CM4_OS_Keil.lib(guidev_16.o)
    0x0800cca0   0x0800cca0   0x0000000a   Code   RO         7198    i._DrawHLine        STemWin540_CM4_OS_Keil.lib(guidev_32.o)
    0x0800ccaa   0x0800ccaa   0x00000002   PAD
    0x0800ccac   0x0800ccac   0x0000005c   Code   RO         6492    i._DrawNext         STemWin540_CM4_OS_Keil.lib(wm.o)
    0x0800cd08   0x0800cd08   0x0000001a   Code   RO          291    i._DrawVLine        guidrv_template.o
    0x0800cd22   0x0800cd22   0x00000002   PAD
    0x0800cd24   0x0800cd24   0x000000b8   Code   RO         6107    i._DrawVLine        STemWin540_CM4_OS_Keil.lib(guidev_16.o)
    0x0800cddc   0x0800cddc   0x000000ac   Code   RO         7199    i._DrawVLine        STemWin540_CM4_OS_Keil.lib(guidev_32.o)
    0x0800ce88   0x0800ce88   0x000000b0   Code   RO         5790    i._Eat8             STemWin540_CM4_OS_Keil.lib(gui_qr.o)
    0x0800cf38   0x0800cf38   0x000000d0   Code   RO         5791    i._EatAn            STemWin540_CM4_OS_Keil.lib(gui_qr.o)
    0x0800d008   0x0800d008   0x000000a2   Code   RO         5792    i._EatNum           STemWin540_CM4_OS_Keil.lib(gui_qr.o)
    0x0800d0aa   0x0800d0aa   0x00000006   Code   RO         6333    i._Encode           STemWin540_CM4_OS_Keil.lib(gui_uc_encodenone.o)
    0x0800d0b0   0x0800d0b0   0x0000009c   Code   RO         5793    i._EncodeRSChar     STemWin540_CM4_OS_Keil.lib(gui_qr.o)
    0x0800d14c   0x0800d14c   0x0000006a   Code   RO         5794    i._EncodeString     STemWin540_CM4_OS_Keil.lib(gui_qr.o)
    0x0800d1b6   0x0800d1b6   0x00000002   PAD
    0x0800d1b8   0x0800d1b8   0x0000009c   Code   RO         5478    i._EnlargeBlocks    STemWin540_CM4_OS_Keil.lib(gui_alloc.o)
    0x0800d254   0x0800d254   0x00000030   Code   RO         6493    i._Exec1Draw        STemWin540_CM4_OS_Keil.lib(wm.o)
    0x0800d284   0x0800d284   0x00000078   Code   RO         6494    i._Exec1Input       STemWin540_CM4_OS_Keil.lib(wm.o)
    0x0800d2fc   0x0800d2fc   0x0000008c   Code   RO         5795    i._FRAME_FILLER_Next  STemWin540_CM4_OS_Keil.lib(gui_qr.o)
    0x0800d388   0x0800d388   0x00000030   Code   RO          292    i._FillRect         guidrv_template.o
    0x0800d3b8   0x0800d3b8   0x000000ac   Code   RO         6108    i._FillRect         STemWin540_CM4_OS_Keil.lib(guidev_16.o)
    0x0800d464   0x0800d464   0x000000a4   Code   RO         7200    i._FillRect         STemWin540_CM4_OS_Keil.lib(guidev_32.o)
    0x0800d508   0x0800d508   0x00000148   Code   RO         6495    i._FindNext_IVR     STemWin540_CM4_OS_Keil.lib(wm.o)
    0x0800d650   0x0800d650   0x0000007c   Code   RO         6496    i._Findx0           STemWin540_CM4_OS_Keil.lib(wm.o)
    0x0800d6cc   0x0800d6cc   0x00000072   Code   RO         6497    i._Findx1           STemWin540_CM4_OS_Keil.lib(wm.o)
    0x0800d73e   0x0800d73e   0x000000a6   Code   RO         6498    i._Findy1           STemWin540_CM4_OS_Keil.lib(wm.o)
    0x0800d7e4   0x0800d7e4   0x0000001c   Code   RO         5796    i._Free             STemWin540_CM4_OS_Keil.lib(gui_qr.o)
    0x0800d800   0x0800d800   0x00000004   Code   RO         7251    i._GUI_USAGE_BM_Delete  STemWin540_CM4_OS_Keil.lib(guidev_usagebm.o)
    0x0800d804   0x0800d804   0x00000004   Code   RO         6334    i._GetCharCode      STemWin540_CM4_OS_Keil.lib(gui_uc_encodenone.o)
    0x0800d808   0x0800d808   0x00000004   Code   RO         6335    i._GetCharSize      STemWin540_CM4_OS_Keil.lib(gui_uc_encodenone.o)
    0x0800d80c   0x0800d80c   0x00000014   Code   RO          293    i._GetDevData       guidrv_template.o
    0x0800d820   0x0800d820   0x00000010   Code   RO         6109    i._GetDevData       STemWin540_CM4_OS_Keil.lib(guidev_16.o)
    0x0800d830   0x0800d830   0x00000010   Code   RO         7201    i._GetDevData       STemWin540_CM4_OS_Keil.lib(guidev_32.o)
    0x0800d840   0x0800d840   0x00000054   Code   RO          294    i._GetDevFunc       guidrv_template.o
    0x0800d894   0x0800d894   0x00000010   Code   RO         6110    i._GetDevFunc       STemWin540_CM4_OS_Keil.lib(guidev_16.o)
    0x0800d8a4   0x0800d8a4   0x00000010   Code   RO         7202    i._GetDevFunc       STemWin540_CM4_OS_Keil.lib(guidev_32.o)
    0x0800d8b4   0x0800d8b4   0x00000050   Code   RO          295    i._GetDevProp       guidrv_template.o
    0x0800d904   0x0800d904   0x0000001e   Code   RO         5996    i._GetDevProp       STemWin540_CM4_OS_Keil.lib(lcd_getex.o)
    0x0800d922   0x0800d922   0x00000018   Code   RO         6111    i._GetDevProp       STemWin540_CM4_OS_Keil.lib(guidev_16.o)
    0x0800d93a   0x0800d93a   0x0000000c   Code   RO         7203    i._GetDevProp       STemWin540_CM4_OS_Keil.lib(guidev_32.o)
    0x0800d946   0x0800d946   0x00000052   Code   RO         6884    i._GetIndexMask_0   STemWin540_CM4_OS_Keil.lib(guicc_0.o)
    0x0800d998   0x0800d998   0x00000006   Code   RO         5948    i._GetIndexMask_565  STemWin540_CM4_OS_Keil.lib(guicc_565.o)
    0x0800d99e   0x0800d99e   0x00000006   Code   RO         7174    i._GetIndexMask_8888  STemWin540_CM4_OS_Keil.lib(guicc_8888.o)
    0x0800d9a4   0x0800d9a4   0x0000001e   Code   RO         5997    i._GetMaxValue      STemWin540_CM4_OS_Keil.lib(lcd_getex.o)
    0x0800d9c2   0x0800d9c2   0x00000002   PAD
    0x0800d9c4   0x0800d9c4   0x0000001c   Code   RO         5479    i._GetMinIndex      STemWin540_CM4_OS_Keil.lib(gui_alloc.o)
    0x0800d9e0   0x0800d9e0   0x0000001a   Code   RO          296    i._GetPixelIndex    guidrv_template.o
    0x0800d9fa   0x0800d9fa   0x0000000e   Code   RO         6112    i._GetPixelIndex    STemWin540_CM4_OS_Keil.lib(guidev_16.o)
    0x0800da08   0x0800da08   0x0000000e   Code   RO         7204    i._GetPixelIndex    STemWin540_CM4_OS_Keil.lib(guidev_32.o)
    0x0800da16   0x0800da16   0x0000001a   Code   RO          297    i._GetRect          guidrv_template.o
    0x0800da30   0x0800da30   0x00000034   Code   RO         6113    i._GetRect          STemWin540_CM4_OS_Keil.lib(guidev_16.o)
    0x0800da64   0x0800da64   0x00000034   Code   RO         7205    i._GetRect          STemWin540_CM4_OS_Keil.lib(guidev_32.o)
    0x0800da98   0x0800da98   0x0000003c   Code   RO         6274    i._GetTaskNo        STemWin540_CM4_OS_Keil.lib(gui_task.o)
    0x0800dad4   0x0800dad4   0x0000005c   Code   RO         5797    i._IdentifyMode     STemWin540_CM4_OS_Keil.lib(gui_qr.o)
    0x0800db30   0x0800db30   0x0000001c   Code   RO         6253    i._IncPointer       STemWin540_CM4_OS_Keil.lib(gui_onkey.o)
    0x0800db4c   0x0800db4c   0x00000006   Code   RO         6254    i._IncReadPointer   STemWin540_CM4_OS_Keil.lib(gui_onkey.o)
    0x0800db52   0x0800db52   0x00000002   PAD
    0x0800db54   0x0800db54   0x00000048   Code   RO         5949    i._Index2ColorBulk  STemWin540_CM4_OS_Keil.lib(guicc_565.o)
    0x0800db9c   0x0800db9c   0x0000000e   Code   RO         7175    i._Index2ColorBulk  STemWin540_CM4_OS_Keil.lib(guicc_8888.o)
    0x0800dbaa   0x0800dbaa   0x00000020   Code   RO         6885    i._Index2Color_0    STemWin540_CM4_OS_Keil.lib(guicc_0.o)
    0x0800dbca   0x0800dbca   0x0000001c   Code   RO          298    i._Init             guidrv_template.o
    0x0800dbe6   0x0800dbe6   0x00000002   PAD
    0x0800dbe8   0x0800dbe8   0x0000006c   Code   RO         5717    i._InitContext      STemWin540_CM4_OS_Keil.lib(gui_core.o)
    0x0800dc54   0x0800dc54   0x0000002c   Code   RO          299    i._InitOnce         guidrv_template.o
    0x0800dc80   0x0800dc80   0x00000084   Code   RO         5480    i._InitOnce         STemWin540_CM4_OS_Keil.lib(gui_alloc.o)
    0x0800dd04   0x0800dd04   0x00000064   Code   RO         5798    i._InitRS           STemWin540_CM4_OS_Keil.lib(gui_qr.o)
    0x0800dd68   0x0800dd68   0x00000180   Code   RO         5799    i._InitRSChar       STemWin540_CM4_OS_Keil.lib(gui_qr.o)
    0x0800dee8   0x0800dee8   0x00000090   Code   RO         6499    i._Invalidate1Abs   STemWin540_CM4_OS_Keil.lib(wm.o)
    0x0800df78   0x0800df78   0x00000050   Code   RO         6298    i._Log2PhysX        STemWin540_CM4_OS_Keil.lib(gui_touch_calibrate.o)
    0x0800dfc8   0x0800dfc8   0x00000050   Code   RO         6299    i._Log2PhysY        STemWin540_CM4_OS_Keil.lib(gui_touch_calibrate.o)
    0x0800e018   0x0800e018   0x0000000e   Code   RO         5800    i._Malloc           STemWin540_CM4_OS_Keil.lib(gui_qr.o)
    0x0800e026   0x0800e026   0x00000008   Code   RO         6945    i._Min              STemWin540_CM4_OS_Keil.lib(guidev_banding.o)
    0x0800e02e   0x0800e02e   0x0000001a   Code   RO         5801    i._ModNN            STemWin540_CM4_OS_Keil.lib(gui_qr.o)
    0x0800e048   0x0800e048   0x0000006e   Code   RO         7022    i._MoveDescendents  STemWin540_CM4_OS_Keil.lib(wm_move.o)
    0x0800e0b6   0x0800e0b6   0x00000010   Code   RO          300    i._Off              guidrv_template.o
    0x0800e0c6   0x0800e0c6   0x00000010   Code   RO          301    i._On               guidrv_template.o
    0x0800e0d6   0x0800e0d6   0x00000002   PAD
    0x0800e0d8   0x0800e0d8   0x00000038   Code   RO         5718    i._OnExit           STemWin540_CM4_OS_Keil.lib(gui_core.o)
    0x0800e110   0x0800e110   0x00000014   Code   RO         6275    i._OnExit           STemWin540_CM4_OS_Keil.lib(gui_task.o)
    0x0800e124   0x0800e124   0x00000018   Code   RO         6403    i._OnExit           STemWin540_CM4_OS_Keil.lib(lcd_color.o)
    0x0800e13c   0x0800e13c   0x00000088   Code   RO         6500    i._OnExit           STemWin540_CM4_OS_Keil.lib(wm.o)
    0x0800e1c4   0x0800e1c4   0x00000028   Code   RO         6736    i._OnExit           STemWin540_CM4_OS_Keil.lib(gui__alpha.o)
    0x0800e1ec   0x0800e1ec   0x00000024   Code   RO         6501    i._Paint1           STemWin540_CM4_OS_Keil.lib(wm.o)
    0x0800e210   0x0800e210   0x0000008c   Code   RO         6502    i._Paint1Trans      STemWin540_CM4_OS_Keil.lib(wm.o)
    0x0800e29c   0x0800e29c   0x0000009a   Code   RO         6503    i._PaintTransChildren  STemWin540_CM4_OS_Keil.lib(wm.o)
    0x0800e336   0x0800e336   0x00000002   PAD
    0x0800e338   0x0800e338   0x00000040   Code   RO         5481    i._PopFreeBlock     STemWin540_CM4_OS_Keil.lib(gui_alloc.o)
    0x0800e378   0x0800e378   0x00000028   Code   RO         5482    i._PushFreeBlock    STemWin540_CM4_OS_Keil.lib(gui_alloc.o)
    0x0800e3a0   0x0800e3a0   0x000001a0   Code   RO         5802    i._QR_CODE_EncodeMask  STemWin540_CM4_OS_Keil.lib(gui_qr.o)
    0x0800e540   0x0800e540   0x0000007a   Code   RO         5803    i._QR_CalcN1N3      STemWin540_CM4_OS_Keil.lib(gui_qr.o)
    0x0800e5ba   0x0800e5ba   0x00000056   Code   RO         5804    i._QR_CalcRunLength  STemWin540_CM4_OS_Keil.lib(gui_qr.o)
    0x0800e610   0x0800e610   0x0000005c   Code   RO         5805    i._QR_CreateFrame   STemWin540_CM4_OS_Keil.lib(gui_qr.o)
    0x0800e66c   0x0800e66c   0x0000019c   Code   RO         5806    i._QR_CreateFrameSub  STemWin540_CM4_OS_Keil.lib(gui_qr.o)
    0x0800e808   0x0800e808   0x0000001c   Code   RO         5807    i._QR_GetDataLength  STemWin540_CM4_OS_Keil.lib(gui_qr.o)
    0x0800e824   0x0800e824   0x00000030   Code   RO         5808    i._QR_GetLengthIndicator  STemWin540_CM4_OS_Keil.lib(gui_qr.o)
    0x0800e854   0x0800e854   0x00000030   Code   RO         5809    i._QR_GetMinimumVersion  STemWin540_CM4_OS_Keil.lib(gui_qr.o)
    0x0800e884   0x0800e884   0x0000002e   Code   RO         5810    i._QR_INPUT_Append  STemWin540_CM4_OS_Keil.lib(gui_qr.o)
    0x0800e8b2   0x0800e8b2   0x000000c2   Code   RO         5811    i._QR_INPUT_AppendPaddingBit  STemWin540_CM4_OS_Keil.lib(gui_qr.o)
    0x0800e974   0x0800e974   0x0000009c   Code   RO         5812    i._QR_INPUT_Check   STemWin540_CM4_OS_Keil.lib(gui_qr.o)
    0x0800ea10   0x0800ea10   0x00000090   Code   RO         5813    i._QR_INPUT_ConvertData  STemWin540_CM4_OS_Keil.lib(gui_qr.o)
    0x0800eaa0   0x0800eaa0   0x00000018   Code   RO         5814    i._QR_INPUT_DecodeECIFromByteArray  STemWin540_CM4_OS_Keil.lib(gui_qr.o)
    0x0800eab8   0x0800eab8   0x00000022   Code   RO         5815    i._QR_INPUT_Delete  STemWin540_CM4_OS_Keil.lib(gui_qr.o)
    0x0800eada   0x0800eada   0x00000002   PAD
    0x0800eadc   0x0800eadc   0x00000160   Code   RO         5816    i._QR_INPUT_EncodeBitStream  STemWin540_CM4_OS_Keil.lib(gui_qr.o)
    0x0800ec3c   0x0800ec3c   0x00000058   Code   RO         5817    i._QR_INPUT_EncodeMode8  STemWin540_CM4_OS_Keil.lib(gui_qr.o)
    0x0800ec94   0x0800ec94   0x000000c8   Code   RO         5818    i._QR_INPUT_EncodeModeAn  STemWin540_CM4_OS_Keil.lib(gui_qr.o)
    0x0800ed5c   0x0800ed5c   0x00000068   Code   RO         5819    i._QR_INPUT_EncodeModeECI  STemWin540_CM4_OS_Keil.lib(gui_qr.o)
    0x0800edc4   0x0800edc4   0x00000094   Code   RO         5820    i._QR_INPUT_EncodeModeKanji  STemWin540_CM4_OS_Keil.lib(gui_qr.o)
    0x0800ee58   0x0800ee58   0x000000da   Code   RO         5821    i._QR_INPUT_EncodeModeNum  STemWin540_CM4_OS_Keil.lib(gui_qr.o)
    0x0800ef32   0x0800ef32   0x00000062   Code   RO         5822    i._QR_INPUT_EncodeModeStructure  STemWin540_CM4_OS_Keil.lib(gui_qr.o)
    0x0800ef94   0x0800ef94   0x00000090   Code   RO         5823    i._QR_INPUT_EstimateBitStreamSizeOfEntry  STemWin540_CM4_OS_Keil.lib(gui_qr.o)
    0x0800f024   0x0800f024   0x00000018   Code   RO         5824    i._QR_INPUT_EstimateBitsModeAn  STemWin540_CM4_OS_Keil.lib(gui_qr.o)
    0x0800f03c   0x0800f03c   0x00000024   Code   RO         5825    i._QR_INPUT_EstimateBitsModeNum  STemWin540_CM4_OS_Keil.lib(gui_qr.o)
    0x0800f060   0x0800f060   0x00000054   Code   RO         5826    i._QR_INPUT_LIST_CreateEntry  STemWin540_CM4_OS_Keil.lib(gui_qr.o)
    0x0800f0b4   0x0800f0b4   0x0000001e   Code   RO         5827    i._QR_INPUT_LIST_DeleteEntry  STemWin540_CM4_OS_Keil.lib(gui_qr.o)
    0x0800f0d2   0x0800f0d2   0x00000066   Code   RO         5828    i._QR_INPUT_MergeBitStream  STemWin540_CM4_OS_Keil.lib(gui_qr.o)
    0x0800f138   0x0800f138   0x000000a8   Code   RO         5829    i._QR_MASK_EvaluateSymbol  STemWin540_CM4_OS_Keil.lib(gui_qr.o)
    0x0800f1e0   0x0800f1e0   0x00000084   Code   RO         5830    i._QR_MASK_WriteFormatInformation  STemWin540_CM4_OS_Keil.lib(gui_qr.o)
    0x0800f264   0x0800f264   0x000000a0   Code   RO         5831    i._QR_Mask          STemWin540_CM4_OS_Keil.lib(gui_qr.o)
    0x0800f304   0x0800f304   0x00000038   Code   RO         5832    i._QR_Mask0         STemWin540_CM4_OS_Keil.lib(gui_qr.o)
    0x0800f33c   0x0800f33c   0x00000036   Code   RO         5833    i._QR_Mask1         STemWin540_CM4_OS_Keil.lib(gui_qr.o)
    0x0800f372   0x0800f372   0x00000042   Code   RO         5834    i._QR_Mask2         STemWin540_CM4_OS_Keil.lib(gui_qr.o)
    0x0800f3b4   0x0800f3b4   0x00000044   Code   RO         5835    i._QR_Mask3         STemWin540_CM4_OS_Keil.lib(gui_qr.o)
    0x0800f3f8   0x0800f3f8   0x00000048   Code   RO         5836    i._QR_Mask4         STemWin540_CM4_OS_Keil.lib(gui_qr.o)
    0x0800f440   0x0800f440   0x00000052   Code   RO         5837    i._QR_Mask5         STemWin540_CM4_OS_Keil.lib(gui_qr.o)
    0x0800f492   0x0800f492   0x0000004c   Code   RO         5838    i._QR_Mask6         STemWin540_CM4_OS_Keil.lib(gui_qr.o)
    0x0800f4de   0x0800f4de   0x0000004c   Code   RO         5839    i._QR_Mask7         STemWin540_CM4_OS_Keil.lib(gui_qr.o)
    0x0800f52a   0x0800f52a   0x00000002   PAD
    0x0800f52c   0x0800f52c   0x0000002c   Code   RO         5840    i._QR_PutAlignmentMarker  STemWin540_CM4_OS_Keil.lib(gui_qr.o)
    0x0800f558   0x0800f558   0x000000ac   Code   RO         5841    i._QR_PutAlignmentPattern  STemWin540_CM4_OS_Keil.lib(gui_qr.o)
    0x0800f604   0x0800f604   0x00000028   Code   RO         5842    i._QR_PutFinderPattern  STemWin540_CM4_OS_Keil.lib(gui_qr.o)
    0x0800f62c   0x0800f62c   0x00000128   Code   RO         5843    i._QR_RAW_Create    STemWin540_CM4_OS_Keil.lib(gui_qr.o)
    0x0800f754   0x0800f754   0x00000024   Code   RO         5844    i._QR_RAW_Delete    STemWin540_CM4_OS_Keil.lib(gui_qr.o)
    0x0800f778   0x0800f778   0x00000060   Code   RO         5845    i._QR_RAW_GetCode   STemWin540_CM4_OS_Keil.lib(gui_qr.o)
    0x0800f7d8   0x0800f7d8   0x000000b6   Code   RO         5846    i._RS_BLOCK_Init    STemWin540_CM4_OS_Keil.lib(gui_qr.o)
    0x0800f88e   0x0800f88e   0x0000001a   Code   RO         5847    i._RS_BLOCK_InitBlock  STemWin540_CM4_OS_Keil.lib(gui_qr.o)
    0x0800f8a8   0x0800f8a8   0x00000034   Code   RO         5483    i._RemoveFreeBlock  STemWin540_CM4_OS_Keil.lib(gui_alloc.o)
    0x0800f8dc   0x0800f8dc   0x0000005c   Code   RO         6860    i._RemoveFromLinList  STemWin540_CM4_OS_Keil.lib(gui_timer.o)
    0x0800f938   0x0800f938   0x000000a0   Code   RO         5484    i._RemoveHoles      STemWin540_CM4_OS_Keil.lib(gui_alloc.o)
    0x0800f9d8   0x0800f9d8   0x00000020   Code   RO         6370    i._SetBkColor       STemWin540_CM4_OS_Keil.lib(lcd.o)
    0x0800f9f8   0x0800f9f8   0x0000004c   Code   RO         6504    i._SetClipRectUserIntersect  STemWin540_CM4_OS_Keil.lib(wm.o)
    0x0800fa44   0x0800fa44   0x00000020   Code   RO         6371    i._SetColor         STemWin540_CM4_OS_Keil.lib(lcd.o)
    0x0800fa64   0x0800fa64   0x0000002c   Code   RO         6372    i._SetDrawMode      STemWin540_CM4_OS_Keil.lib(lcd.o)
    0x0800fa90   0x0800fa90   0x00000020   Code   RO          302    i._SetLUTEntry      guidrv_template.o
    0x0800fab0   0x0800fab0   0x0000001e   Code   RO          303    i._SetOrg           guidrv_template.o
    0x0800face   0x0800face   0x0000000e   Code   RO         6114    i._SetOrg           STemWin540_CM4_OS_Keil.lib(guidev_16.o)
    0x0800fadc   0x0800fadc   0x00000008   Code   RO         7206    i._SetOrg           STemWin540_CM4_OS_Keil.lib(guidev_32.o)
    0x0800fae4   0x0800fae4   0x0000001a   Code   RO          304    i._SetPixelIndex    guidrv_template.o
    0x0800fafe   0x0800fafe   0x00000002   PAD
    0x0800fb00   0x0800fb00   0x00000048   Code   RO         6115    i._SetPixelIndex    STemWin540_CM4_OS_Keil.lib(guidev_16.o)
    0x0800fb48   0x0800fb48   0x00000048   Code   RO         7207    i._SetPixelIndex    STemWin540_CM4_OS_Keil.lib(guidev_32.o)
    0x0800fb90   0x0800fb90   0x0000003e   Code   RO          305    i._SetSize          guidrv_template.o
    0x0800fbce   0x0800fbce   0x00000026   Code   RO          306    i._SetVRAMAddr      guidrv_template.o
    0x0800fbf4   0x0800fbf4   0x00000020   Code   RO          307    i._SetVSize         guidrv_template.o
    0x0800fc14   0x0800fc14   0x0000008c   Code   RO         5848    i._SplitString      STemWin540_CM4_OS_Keil.lib(gui_qr.o)
    0x0800fca0   0x0800fca0   0x00000088   Code   RO         5849    i._SplitStringToQRinput  STemWin540_CM4_OS_Keil.lib(gui_qr.o)
    0x0800fd28   0x0800fd28   0x00000050   Code   RO         6861    i._Unlink           STemWin540_CM4_OS_Keil.lib(gui_timer.o)
    0x0800fd78   0x0800fd78   0x0000000e   Code   RO         5485    i._WriteTagData     STemWin540_CM4_OS_Keil.lib(gui_alloc.o)
    0x0800fd86   0x0800fd86   0x00000002   PAD
    0x0800fd88   0x0800fd88   0x00000180   Code   RO         7454    i._WriteToActiveAlpha  STemWin540_CM4_OS_Keil.lib(guidev_writetoactivealpha.o)
    0x0800ff08   0x0800ff08   0x00000340   Code   RO         6442    i._WriteToActiveOpaque_8  STemWin540_CM4_OS_Keil.lib(guidev_writetoactiveopaque.o)
    0x08010248   0x08010248   0x00000344   Code   RO         6443    i._WriteToActiveOpaque_HT  STemWin540_CM4_OS_Keil.lib(guidev_writetoactiveopaque.o)
    0x0801058c   0x0801058c   0x0000003c   Code   RO         6116    i._XY2PTR           STemWin540_CM4_OS_Keil.lib(guidev_16.o)
    0x080105c8   0x080105c8   0x0000003c   Code   RO         7208    i._XY2PTR           STemWin540_CM4_OS_Keil.lib(guidev_32.o)
    0x08010604   0x08010604   0x00000030   Code   RO          308    i._XorPixel         guidrv_template.o
    0x08010634   0x08010634   0x00000054   Code   RO         6117    i._XorPixel         STemWin540_CM4_OS_Keil.lib(guidev_16.o)
    0x08010688   0x08010688   0x00000058   Code   RO         7209    i._XorPixel         STemWin540_CM4_OS_Keil.lib(guidev_32.o)
    0x080106e0   0x080106e0   0x00000010   Code   RO         2615    i.__NVIC_GetPriorityGrouping  stm32f4xx_hal_cortex.o
    0x080106f0   0x080106f0   0x00000028   Code   RO         2616    i.__NVIC_SetPriority  stm32f4xx_hal_cortex.o
    0x08010718   0x08010718   0x0000007a   Code   RO         7457    i.__hardfp_sqrt     m_wm.l(sqrt.o)
    0x08010792   0x08010792   0x0000000e   Code   RO         7546    i.__scatterload_copy  mc_w.l(handlers.o)
    0x080107a0   0x080107a0   0x00000002   Code   RO         7547    i.__scatterload_null  mc_w.l(handlers.o)
    0x080107a2   0x080107a2   0x0000000e   Code   RO         7548    i.__scatterload_zeroinit  mc_w.l(handlers.o)
    0x080107b0   0x080107b0   0x0000000c   Code   RO         7532    i.__set_errno       mc_w.l(errno.o)
    0x080107bc   0x080107bc   0x00000050   Code   RO         6505    i._cbBackWin        STemWin540_CM4_OS_Keil.lib(wm.o)
    0x0801080c   0x0801080c   0x00000044   Code   RO         6506    i._cbPaintMemDev    STemWin540_CM4_OS_Keil.lib(wm.o)
    0x08010850   0x08010850   0x00000012   Code   RO         1212    i.delay_us          common.o
    0x08010862   0x08010862   0x00000002   PAD
    0x08010864   0x08010864   0x00000098   Code   RO         6373    i.emWin_LCD_Init    STemWin540_CM4_OS_Keil.lib(lcd.o)
    0x080108fc   0x080108fc   0x00000028   Code   RO         1255    i.main              main.o
    0x08010924   0x08010924   0x0000000e   Code   RO         4951    i.makeFreeRtosPriority  cmsis_os.o
    0x08010932   0x08010932   0x0000000e   Code   RO          959    i.opt_delay         lcd_config.o
    0x08010940   0x08010940   0x00000018   Code   RO         4953    i.osDelay           cmsis_os.o
    0x08010958   0x08010958   0x0000000a   Code   RO         4956    i.osKernelStart     cmsis_os.o
    0x08010962   0x08010962   0x0000005e   Code   RO         4990    i.osThreadCreate    cmsis_os.o
    0x080109c0   0x080109c0   0x00000098   Code   RO         4637    i.prvAddCurrentTaskToDelayedList  tasks.o
    0x08010a58   0x08010a58   0x000000b4   Code   RO         4638    i.prvAddNewTaskToReadyList  tasks.o
    0x08010b0c   0x08010b0c   0x00000048   Code   RO         4639    i.prvCheckTasksWaitingTermination  tasks.o
    0x08010b54   0x08010b54   0x0000007c   Code   RO         4313    i.prvCopyDataToQueue  queue.o
    0x08010bd0   0x08010bd0   0x00000050   Code   RO         4640    i.prvDeleteTCB      tasks.o
    0x08010c20   0x08010c20   0x00000014   Code   RO         4314    i.prvGetDisinheritPriorityAfterTimeout  queue.o
    0x08010c34   0x08010c34   0x0000007c   Code   RO         5318    i.prvHeapInit       heap_4.o
    0x08010cb0   0x08010cb0   0x00000028   Code   RO         4641    i.prvIdleTask       tasks.o
    0x08010cd8   0x08010cd8   0x0000001c   Code   RO         4315    i.prvInitialiseMutex  queue.o
    0x08010cf4   0x08010cf4   0x00000026   Code   RO         4316    i.prvInitialiseNewQueue  queue.o
    0x08010d1a   0x08010d1a   0x000000aa   Code   RO         4642    i.prvInitialiseNewTask  tasks.o
    0x08010dc4   0x08010dc4   0x00000068   Code   RO         4643    i.prvInitialiseTaskLists  tasks.o
    0x08010e2c   0x08010e2c   0x00000068   Code   RO         5319    i.prvInsertBlockIntoFreeList  heap_4.o
    0x08010e94   0x08010e94   0x0000001a   Code   RO         4317    i.prvIsQueueEmpty   queue.o
    0x08010eae   0x08010eae   0x0000001e   Code   RO         4318    i.prvIsQueueFull    queue.o
    0x08010ecc   0x08010ecc   0x00000034   Code   RO         4644    i.prvResetNextTaskUnblockTime  tasks.o
    0x08010f00   0x08010f00   0x00000040   Code   RO         5372    i.prvTaskExitError  port.o
    0x08010f40   0x08010f40   0x0000007e   Code   RO         4319    i.prvUnlockQueue    queue.o
    0x08010fbe   0x08010fbe   0x00000002   PAD
    0x08010fc0   0x08010fc0   0x0000013c   Code   RO         5320    i.pvPortMalloc      heap_4.o
    0x080110fc   0x080110fc   0x00000020   Code   RO         4646    i.pvTaskIncrementMutexHeldCount  tasks.o
    0x0801111c   0x0801111c   0x0000002c   Code   RO         5373    i.pxPortInitialiseStack  port.o
    0x08011148   0x08011148   0x00000028   Code   RO         4272    i.uxListRemove      list.o
    0x08011170   0x08011170   0x00000018   Code   RO         1484    i.vApplicationGetIdleTaskMemory  freertos.o
    0x08011188   0x08011188   0x0000001a   Code   RO         4273    i.vListInitialise   list.o
    0x080111a2   0x080111a2   0x00000006   Code   RO         4274    i.vListInitialiseItem  list.o
    0x080111a8   0x080111a8   0x00000034   Code   RO         4275    i.vListInsert       list.o
    0x080111dc   0x080111dc   0x00000018   Code   RO         4276    i.vListInsertEnd    list.o
    0x080111f4   0x080111f4   0x00000054   Code   RO         5375    i.vPortEnterCritical  port.o
    0x08011248   0x08011248   0x0000003c   Code   RO         5376    i.vPortExitCritical  port.o
    0x08011284   0x08011284   0x00000094   Code   RO         5321    i.vPortFree         heap_4.o
    0x08011318   0x08011318   0x00000028   Code   RO         5377    i.vPortSetupTimerInterrupt  port.o
    0x08011340   0x08011340   0x0000005c   Code   RO         4652    i.vTaskDelay        tasks.o
    0x0801139c   0x0801139c   0x00000018   Code   RO         4655    i.vTaskInternalSetTimeOutState  tasks.o
    0x080113b4   0x080113b4   0x0000000c   Code   RO         4656    i.vTaskMissedYield  tasks.o
    0x080113c0   0x080113c0   0x00000038   Code   RO         4658    i.vTaskPlaceOnEventList  tasks.o
    0x080113f8   0x080113f8   0x000000f4   Code   RO         4660    i.vTaskPriorityDisinheritAfterTimeout  tasks.o
    0x080114ec   0x080114ec   0x000000b0   Code   RO         4665    i.vTaskStartScheduler  tasks.o
    0x0801159c   0x0801159c   0x00000010   Code   RO         4667    i.vTaskSuspendAll   tasks.o
    0x080115ac   0x080115ac   0x0000008c   Code   RO         4668    i.vTaskSwitchContext  tasks.o
    0x08011638   0x08011638   0x00000168   Code   RO         5379    i.xPortStartScheduler  port.o
    0x080117a0   0x080117a0   0x00000022   Code   RO         4326    i.xQueueCreateMutex  queue.o
    0x080117c2   0x080117c2   0x0000005e   Code   RO         4328    i.xQueueGenericCreate  queue.o
    0x08011820   0x08011820   0x00000098   Code   RO         4330    i.xQueueGenericReset  queue.o
    0x080118b8   0x080118b8   0x000001a8   Code   RO         4331    i.xQueueGenericSend  queue.o
    0x08011a60   0x08011a60   0x000001b8   Code   RO         4340    i.xQueueSemaphoreTake  queue.o
    0x08011c18   0x08011c18   0x0000008c   Code   RO         4669    i.xTaskCheckForTimeOut  tasks.o
    0x08011ca4   0x08011ca4   0x00000064   Code   RO         4670    i.xTaskCreate       tasks.o
    0x08011d08   0x08011d08   0x000000b8   Code   RO         4671    i.xTaskCreateStatic  tasks.o
    0x08011dc0   0x08011dc0   0x0000000c   Code   RO         4674    i.xTaskGetCurrentTaskHandle  tasks.o
    0x08011dcc   0x08011dcc   0x00000020   Code   RO         4675    i.xTaskGetSchedulerState  tasks.o
    0x08011dec   0x08011dec   0x0000000c   Code   RO         4676    i.xTaskGetTickCount  tasks.o
    0x08011df8   0x08011df8   0x00000148   Code   RO         4678    i.xTaskIncrementTick  tasks.o
    0x08011f40   0x08011f40   0x000000c8   Code   RO         4681    i.xTaskPriorityDisinherit  tasks.o
    0x08012008   0x08012008   0x000000c8   Code   RO         4682    i.xTaskPriorityInherit  tasks.o
    0x080120d0   0x080120d0   0x00000098   Code   RO         4683    i.xTaskRemoveFromEventList  tasks.o
    0x08012168   0x08012168   0x00000104   Code   RO         4684    i.xTaskResumeAll    tasks.o
    0x0801226c   0x0801226c   0x00000034   Data   RO          309    .constdata          guidrv_template.o
    0x080122a0   0x080122a0   0x00000038   Data   RO         1486    .constdata          freertos.o
    0x080122d8   0x080122d8   0x00000018   Data   RO         1718    .constdata          system_stm32f4xx.o
    0x080122f0   0x080122f0   0x00000008   Data   RO         5720    .constdata          STemWin540_CM4_OS_Keil.lib(gui_core.o)
    0x080122f8   0x080122f8   0x00000ce9   Data   RO         5851    .constdata          STemWin540_CM4_OS_Keil.lib(gui_qr.o)
    0x08012fe1   0x08012fe1   0x00000003   PAD
    0x08012fe4   0x08012fe4   0x00000018   Data   RO         5950    .constdata          STemWin540_CM4_OS_Keil.lib(guicc_565.o)
    0x08012ffc   0x08012ffc   0x00000074   Data   RO         6118    .constdata          STemWin540_CM4_OS_Keil.lib(guidev_16.o)
    0x08013070   0x08013070   0x00000020   Data   RO         6138    .constdata          STemWin540_CM4_OS_Keil.lib(gui__divtbl.o)
    0x08013090   0x08013090   0x00000040   Data   RO         6139    .constdata          STemWin540_CM4_OS_Keil.lib(gui__divtbl.o)
    0x080130d0   0x080130d0   0x00000100   Data   RO         6141    .constdata          STemWin540_CM4_OS_Keil.lib(gui__divtbl.o)
    0x080131d0   0x080131d0   0x00000100   Data   RO         6142    .constdata          STemWin540_CM4_OS_Keil.lib(gui__divtbl.o)
    0x080132d0   0x080132d0   0x00000010   Data   RO         6336    .constdata          STemWin540_CM4_OS_Keil.lib(gui_uc_encodenone.o)
    0x080132e0   0x080132e0   0x0000000c   Data   RO         6374    .constdata          STemWin540_CM4_OS_Keil.lib(lcd.o)
    0x080132ec   0x080132ec   0x00000100   Data   RO         6422    .constdata          STemWin540_CM4_OS_Keil.lib(lcd_mirror.o)
    0x080133ec   0x080133ec   0x00000518   Data   RO         6427    .constdata          STemWin540_CM4_OS_Keil.lib(f6x8.o)
    0x08013904   0x08013904   0x000001c0   Data   RO         6428    .constdata          STemWin540_CM4_OS_Keil.lib(f6x8.o)
    0x08013ac4   0x08013ac4   0x00000008   Data   RO         6429    .constdata          STemWin540_CM4_OS_Keil.lib(f6x8.o)
    0x08013acc   0x08013acc   0x00000014   Data   RO         6430    .constdata          STemWin540_CM4_OS_Keil.lib(f6x8.o)
    0x08013ae0   0x08013ae0   0x00000024   Data   RO         6431    .constdata          STemWin540_CM4_OS_Keil.lib(f6x8.o)
    0x08013b04   0x08013b04   0x00000008   Data   RO         6444    .constdata          STemWin540_CM4_OS_Keil.lib(guidev_writetoactiveopaque.o)
    0x08013b0c   0x08013b0c   0x00000018   Data   RO         6886    .constdata          STemWin540_CM4_OS_Keil.lib(guicc_0.o)
    0x08013b24   0x08013b24   0x00000018   Data   RO         7176    .constdata          STemWin540_CM4_OS_Keil.lib(guicc_8888.o)
    0x08013b3c   0x08013b3c   0x00000074   Data   RO         7210    .constdata          STemWin540_CM4_OS_Keil.lib(guidev_32.o)
    0x08013bb0   0x08013bb0   0x00000018   Data   RO         7252    .constdata          STemWin540_CM4_OS_Keil.lib(guidev_usagebm.o)
    0x08013bc8   0x08013bc8   0x00000079   Data   RO          829    .conststring        touch.o
    0x08013c41   0x08013c41   0x00000003   PAD
    0x08013c44   0x08013c44   0x00000015   Data   RO         1487    .conststring        freertos.o
    0x08013c59   0x08013c59   0x00000003   PAD
    0x08013c5c   0x08013c5c   0x00000020   Data   RO         7544    Region$$Table       anon$$obj.o


    Execution Region RW_IRAM1 (Exec base: 0x20000000, Load base: 0x08013c7c, Size: 0x0001dd98, Max: 0x00020000, ABSOLUTE, COMPRESSED[0x000000a0])

    Exec Addr    Load Addr    Size         Type   Attr      Idx    E Section Name        Object

    0x20000000   COMPRESSED   0x00000008   Data   RW          642    .data               gui_x_freertos.o
    0x20000008   COMPRESSED   0x0000003c   Data   RW          830    .data               touch.o
    0x20000044   COMPRESSED   0x00000004   Data   RW          962    .data               lcd_config.o
    0x20000048   COMPRESSED   0x00000008   Data   RW         1442    .data               crc.o
    0x20000050   COMPRESSED   0x00000008   Data   RW         1488    .data               freertos.o
    0x20000058   COMPRESSED   0x00000008   Data   RW         1542    .data               fsmc.o
    0x20000060   COMPRESSED   0x00000004   Data   RW         1719    .data               system_stm32f4xx.o
    0x20000064   COMPRESSED   0x00000009   Data   RW         2764    .data               stm32f4xx_hal.o
    0x2000006d   COMPRESSED   0x00000003   PAD
    0x20000070   COMPRESSED   0x0000003c   Data   RW         4687    .data               tasks.o
    0x200000ac   COMPRESSED   0x00000018   Data   RW         5326    .data               heap_4.o
    0x200000c4   COMPRESSED   0x0000000c   Data   RW         5380    .data               port.o
    0x200000d0   COMPRESSED   0x00000048   Data   RW         5721    .data               STemWin540_CM4_OS_Keil.lib(gui_core.o)
    0x20000118   COMPRESSED   0x00000004   Data   RW         5722    .data               STemWin540_CM4_OS_Keil.lib(gui_core.o)
    0x2000011c   COMPRESSED   0x00000004   Data   RW         5723    .data               STemWin540_CM4_OS_Keil.lib(gui_core.o)
    0x20000120   COMPRESSED   0x00000004   Data   RW         5725    .data               STemWin540_CM4_OS_Keil.lib(gui_core.o)
    0x20000124   COMPRESSED   0x00000004   Data   RW         5728    .data               STemWin540_CM4_OS_Keil.lib(gui_core.o)
    0x20000128   COMPRESSED   0x00000004   Data   RW         5729    .data               STemWin540_CM4_OS_Keil.lib(gui_core.o)
    0x2000012c   COMPRESSED   0x00000002   Data   RW         5730    .data               STemWin540_CM4_OS_Keil.lib(gui_core.o)
    0x2000012e   COMPRESSED   0x00000001   Data   RW         5731    .data               STemWin540_CM4_OS_Keil.lib(gui_core.o)
    0x2000012f   COMPRESSED   0x00000001   PAD
    0x20000130   COMPRESSED   0x00000004   Data   RW         5733    .data               STemWin540_CM4_OS_Keil.lib(gui_core.o)
    0x20000134   COMPRESSED   0x00000002   Data   RW         5734    .data               STemWin540_CM4_OS_Keil.lib(gui_core.o)
    0x20000136   COMPRESSED   0x00000002   Data   RW         5735    .data               STemWin540_CM4_OS_Keil.lib(gui_core.o)
    0x20000138   COMPRESSED   0x00000024   Data   RW         5852    .data               STemWin540_CM4_OS_Keil.lib(gui_qr.o)
    0x2000015c   COMPRESSED   0x00000004   Data   RW         5929    .data               STemWin540_CM4_OS_Keil.lib(gui_time.o)
    0x20000160   COMPRESSED   0x00000038   Data   RW         5939    .data               STemWin540_CM4_OS_Keil.lib(gui_touch_driveranalog.o)
    0x20000198   COMPRESSED   0x00000008   Data   RW         5998    .data               STemWin540_CM4_OS_Keil.lib(lcd_getex.o)
    0x200001a0   COMPRESSED   0x00000004   Data   RW         6119    .data               STemWin540_CM4_OS_Keil.lib(guidev_16.o)
    0x200001a4   COMPRESSED   0x00000004   Data   RW         6162    .data               STemWin540_CM4_OS_Keil.lib(gui__private.o)
    0x200001a8   COMPRESSED   0x00000004   Data   RW         6163    .data               STemWin540_CM4_OS_Keil.lib(gui__private.o)
    0x200001ac   COMPRESSED   0x00000010   Data   RW         6256    .data               STemWin540_CM4_OS_Keil.lib(gui_onkey.o)
    0x200001bc   COMPRESSED   0x0000001c   Data   RW         6276    .data               STemWin540_CM4_OS_Keil.lib(gui_task.o)
    0x200001d8   COMPRESSED   0x0000001c   Data   RW         6301    .data               STemWin540_CM4_OS_Keil.lib(gui_touch_calibrate.o)
    0x200001f4   COMPRESSED   0x0000000c   Data   RW         6348    .data               STemWin540_CM4_OS_Keil.lib(gui_waitevent.o)
    0x20000200   COMPRESSED   0x00000004   Data   RW         6375    .data               STemWin540_CM4_OS_Keil.lib(lcd.o)
    0x20000204   COMPRESSED   0x00000014   Data   RW         6404    .data               STemWin540_CM4_OS_Keil.lib(lcd_color.o)
    0x20000218   COMPRESSED   0x00000068   Data   RW         6509    .data               STemWin540_CM4_OS_Keil.lib(wm.o)
    0x20000280   COMPRESSED   0x00000030   Data   RW         6737    .data               STemWin540_CM4_OS_Keil.lib(gui__alpha.o)
    0x200002b0   COMPRESSED   0x00000018   Data   RW         6761    .data               STemWin540_CM4_OS_Keil.lib(gui__managecache.o)
    0x200002c8   COMPRESSED   0x00000014   Data   RW         6862    .data               STemWin540_CM4_OS_Keil.lib(gui_timer.o)
    0x200002dc   COMPRESSED   0x00000018   Data   RW         6904    .data               STemWin540_CM4_OS_Keil.lib(lcd_aa.o)
    0x200002f4   COMPRESSED   0x00000004   Data   RW         6946    .data               STemWin540_CM4_OS_Keil.lib(guidev_banding.o)
    0x200002f8   COMPRESSED   0x00000001   Data   RW         6963    .data               STemWin540_CM4_OS_Keil.lib(guidev_staticdevices.o)
    0x200002f9   COMPRESSED   0x00000003   PAD
    0x200002fc   COMPRESSED   0x00000004   Data   RW         6996    .data               STemWin540_CM4_OS_Keil.lib(wm__private.o)
    0x20000300   COMPRESSED   0x00000004   Data   RW         7533    .data               mc_w.l(errno.o)
    0x20000304        -       0x00019000   Zero   RW          268    .bss                guiconf.o
    0x20019304        -       0x0000000e   Zero   RW          960    .bss                lcd_config.o
    0x20019312   COMPRESSED   0x00000002   PAD
    0x20019314        -       0x00000254   Zero   RW         1485    .bss                freertos.o
    0x20019568        -       0x00000050   Zero   RW         1541    .bss                fsmc.o
    0x200195b8        -       0x00000040   Zero   RW         1680    .bss                stm32f4xx_hal_timebase_tim.o
    0x200195f8        -       0x000000f0   Zero   RW         4686    .bss                tasks.o
    0x200196e8        -       0x00003c00   Zero   RW         5325    .bss                heap_4.o
    0x2001d2e8        -       0x000000cc   Zero   RW         5486    .bss                STemWin540_CM4_OS_Keil.lib(gui_alloc.o)
    0x2001d3b4        -       0x00000070   Zero   RW         5719    .bss                STemWin540_CM4_OS_Keil.lib(gui_core.o)
    0x2001d424        -       0x000000a4   Zero   RW         5850    .bss                STemWin540_CM4_OS_Keil.lib(gui_qr.o)
    0x2001d4c8        -       0x00000058   Zero   RW         6255    .bss                STemWin540_CM4_OS_Keil.lib(gui_onkey.o)
    0x2001d520        -       0x00000018   Zero   RW         6300    .bss                STemWin540_CM4_OS_Keil.lib(gui_touch_calibrate.o)
    0x2001d538        -       0x00000018   Zero   RW         6507    .bss                STemWin540_CM4_OS_Keil.lib(wm.o)
    0x2001d550        -       0x00000048   Zero   RW         7049    .bss                STemWin540_CM4_OS_Keil.lib(wm_touch.o)
    0x2001d598        -       0x00000800   Zero   RW            1    STACK               startup_stm32f407xx.o


==============================================================================

Image component sizes


      Code (inc. data)   RO Data    RW Data    ZI Data      Debug   Object Name

       262          0          0          0          0       3329   24cxx.o
       142          0          0          0          0      22659   cmsis_os.o
        18          0          0          0          0       5071   common.o
        84         18          0          8          0       1683   crc.o
         0          0          0          0          0      16888   event_groups.o
       116         24         77          8        596       3425   freertos.o
       342         34          0          8         80       2563   fsmc.o
       528         22          0          0          0       1351   gpio.o
       216         20          0          8          0      15309   gui_x_freertos.o
         0          0          0          0          0     697932   gui_x_touch_analog.o
        24          4          0          0     102400        615   guiconf.o
      2186         88         52          0          0      91611   guidrv_template.o
       692         62          0         24      15360       5119   heap_4.o
     17174        150          0          4         14      24592   lcd_config.o
       122         12          0          0          0       3805   lcdconf_flexcolor_template.o
       148          0          0          0          0       3914   list.o
       240          8          0          0          0       2952   main.o
        88         20          0          0          0       2607   maintask.o
       640        106          0          0          0       4694   myiic.o
       894         78          0         12          0      11768   port.o
      1536         16          0          0          0      13225   queue.o
        36          8        392          0       2048        884   startup_stm32f407xx.o
       136         24          0          9          0       4226   stm32f4xx_hal.o
       252         22          0          0          0      34022   stm32f4xx_hal_cortex.o
        36          0          0          0          0       1155   stm32f4xx_hal_crc.o
       524         46          0          0          0       2484   stm32f4xx_hal_gpio.o
        84          6          0          0          0        950   stm32f4xx_hal_msp.o
      1768         84          0          0          0       6002   stm32f4xx_hal_rcc.o
        88          0          0          0          0       1316   stm32f4xx_hal_sram.o
       726         46          0          0          0       6906   stm32f4xx_hal_tim.o
         4          0          0          0          0       1741   stm32f4xx_hal_tim_ex.o
       136         12          0          0         64       1619   stm32f4xx_hal_timebase_tim.o
        36          6          0          0          0       3623   stm32f4xx_it.o
       232         10          0          0          0       2955   stm32f4xx_ll_fsmc.o
         0          0          0          0          0        392   stream_buffer.o
       100         18         24          4          0       1323   system_stm32f4xx.o
      3262        386          0         60        240      28401   tasks.o
      2924        136        121         60          0       9948   touch.o

    ----------------------------------------------------------------------
     35826       1466        704        208     120804    1043059   Object Totals
         0          0         32          0          0          0   (incl. Generated)
        30          0          6          3          2          0   (incl. Padding)

    ----------------------------------------------------------------------

      Code (inc. data)   RO Data    RW Data    ZI Data      Debug   Library Member Name

         0          0       1816          0          0          0   f6x8.o
       872         44          0         48          0        800   gui__alpha.o
       664          0          0          0          0        384   gui__compactpixelindices.o
         0          0        608          0          0          0   gui__divtbl.o
       322          0          0          0          0        156   gui__expandpixelindices.o
       228          8          0         24          0        252   gui__managecache.o
       200          0          0          8          0        368   gui__private.o
      1598        110          0          0        204       3096   gui_alloc.o
       394         12          0          0          0        492   gui_charm.o
       814         92          0          0          0       2752   gui_common.o
       516         72          8        103        112        896   gui_core.o
       390         28          0          0          0        984   gui_device.o
       244         14          0          0          0        280   gui_drawbitmap.o
       102         12          0         16         88        476   gui_onkey.o
      8256        174       3305         36        164       9404   gui_qr.o
        56         10          0          0          0        128   gui_selectlayer.o
        36          4          0          0          0        124   gui_setalpha.o
       384         48          0         28          0        764   gui_task.o
       112         10          0          4          0        132   gui_time.o
       354         14          0         20          0        772   gui_timer.o
      1338         20          0         28         24        396   gui_touch_calibrate.o
       212         14          0         56          0        252   gui_touch_driveranalog.o
        18          0         16          0          0        464   gui_uc_encodenone.o
        16          4          0         12          0        116   gui_waitevent.o
       198          0         24          0          0        388   guicc_0.o
       222         38         24          0          0        628   guicc_565.o
        36          0         24          0          0        480   guicc_8888.o
         2          0          0          0          0        116   guicc_8888_index2color.o
         2          0          0          0          0        116   guicc_888_index2color.o
       806         40          0          0          0       1064   guidev.o
      2354         68        116          4          0       2104   guidev_16.o
      2396         76        116          0          0       2256   guidev_32.o
       352         12          0          4          0        264   guidev_banding.o
        68          4          0          0          0        124   guidev_clear.o
        40          0          0          0          0        128   guidev_getdataptr.o
        52          6          0          0          0        128   guidev_getysize.o
        56          4          0          0          0        128   guidev_reduceysize.o
       100          4          0          0          0        128   guidev_setorg.o
       366         26          0          1          0        284   guidev_staticdevices.o
        84          0          0          0          0        260   guidev_usage.o
       424          4         24          0          0        748   guidev_usagebm.o
       116          4          0          0          0        244   guidev_write.o
       416         22          0          0          0        272   guidev_writetoactivealpha.o
      1854         18          8          0          0        732   guidev_writetoactiveopaque.o
      1660        114         12          4          0       2164   lcd.o
        96         14          0         24          0        244   lcd_aa.o
       296         34          0         20          0        632   lcd_color.o
       432         48          0          8          0       2832   lcd_getex.o
        26          0          0          0          0        128   lcd_getnumdisplays.o
         0          0        256          0          0          0   lcd_mirror.o
       504         18          0          0          0        280   lcd_readrect.o
        64          8          0          0          0        128   lcd_selectlcd.o
       132          0          0          0          0        396   lcd_set.o
        48         10          0          0          0        128   lcd_setcliprectex.o
        36          4          0          0          0        128   lcd_updatecolorindices.o
      4782        250          0        104         24       6584   wm.o
       420         12          0          4          0        904   wm__private.o
       704         18          0          0          0       1436   wm_lib.o
       294          0          0          0          0        416   wm_move.o
       124          0          0          0          0        260   wm_timer.o
         0          0          0          0         72          0   wm_touch.o
       122          0          0          0          0        148   sqrt.o
        86          0          0          0          0          0   __dczerorl2.o
         0          0          0          0          0          0   entry.o
         0          0          0          0          0          0   entry10a.o
         0          0          0          0          0          0   entry11a.o
         8          4          0          0          0          0   entry2.o
         4          0          0          0          0          0   entry5.o
         0          0          0          0          0          0   entry7b.o
         0          0          0          0          0          0   entry8b.o
         8          4          0          0          0          0   entry9a.o
        12          6          0          4          0         68   errno.o
        30          0          0          0          0          0   handlers.o
        36          8          0          0          0         68   init.o
         0          0          0          0          0          0   iusefp.o
        30          0          0          0          0         68   llshl.o
        32          0          0          0          0         68   llushr.o
        66          0          0          0          0         76   memmove.o
        36          0          0          0          0        108   memseta.o
        14          0          0          0          0         68   strlen.o
        98          0          0          0          0         92   uldiv.o
        48          0          0          0          0         68   cdcmple.o
        48          0          0          0          0         68   cdrcmple.o
       186          0          0          0          0        176   depilogue.o
        50          0          0          0          0         76   dfixui.o
        26          0          0          0          0         76   dfltui.o
       228          0          0          0          0         96   dmul.o
       162          0          0          0          0        100   dsqrt.o
        38          0          0          0          0         68   f2d.o

    ----------------------------------------------------------------------
     38130       1568       6360        564        688      52232   Library Totals
        74          0          3          4          0          0   (incl. Padding)

    ----------------------------------------------------------------------

      Code (inc. data)   RO Data    RW Data    ZI Data      Debug   Library Name

     36688       1546       6357        556        688      50740   STemWin540_CM4_OS_Keil.lib
       122          0          0          0          0        148   m_wm.l
       460         22          0          4          0        616   mc_w.l
       786          0          0          0          0        728   mf_w.l

    ----------------------------------------------------------------------
     38130       1568       6360        564        688      52232   Library Totals

    ----------------------------------------------------------------------

==============================================================================


      Code (inc. data)   RO Data    RW Data    ZI Data      Debug   

     73956       3034       7064        772     121492    1036351   Grand Totals
     73956       3034       7064        160     121492    1036351   ELF Image Totals (compressed)
     73956       3034       7064        160          0          0   ROM Totals

==============================================================================

    Total RO  Size (Code + RO Data)                81020 (  79.12kB)
    Total RW  Size (RW Data + ZI Data)            122264 ( 119.40kB)
    Total ROM Size (Code + RO Data + RW Data)      81180 (  79.28kB)

==============================================================================

